[2026-10-01 00:24:43] run_id=smoke_gpt_nikhil_B_20261001-0024 config=task1_llm\member_nikhil\src\configs\smoke_B.yaml device=cuda hardware=NVIDIA GeForce RTX 5090
[2026-10-01 00:24:43] config: {"run_name": "smoke_gpt_nikhil_B", "seed": 1337, "device": "auto", "write_metrics_report": false, "data": {"raw_path": "task1_llm/data/tinystories_raw.txt", "processed_dir": "data_processed/smoke", "block_size": 128, "n_train": 2000, "n_val": 200, "val_story_frac": 0.1}, "model": {"d_model": 256, "n_heads": 8, "n_layers": 2, "d_ff": 1024, "dropout": 0.1}, "train": {"batch_size": 64, "eval_batch_size": 256, "epochs": 1, "lr": 0.0003, "min_lr": 1e-05, "warmup_steps": 10, "weight_decay": 0.01, "grad_clip": 1.0, "spike_ratio": 1.3, "log_every": 10}, "generate": {"max_new_tokens": 60, "temperature": 0.9, "samples_per_prompt": 1, "prompts": ["Once upon a time, there was a little girl named", "Tom and his dog went to the park. ", "One day, a big bear", "The sun was hot and", "Lily wanted to"]}}
[2026-10-01 00:24:46] data: {'stories': 208918, 'train_chars_pool': 32212131, 'val_chars_pool': 3578896, 'vocab_size': 80, 'train_seqs': 2000, 'val_seqs': 200, 'block_size': 128}
[2026-10-01 00:24:46] model: {'d_model': 256, 'n_heads': 8, 'n_layers': 2, 'd_ff': 1024, 'dropout': 0.1} params=1,653,840
[2026-10-01 00:24:47] steps/epoch=32 total_steps=32
[2026-10-01 00:24:48] ep 1 step 0/32 loss 4.5165 lr 3.00e-05 grad 6.676
[2026-10-01 00:24:48] ep 1 step 10/32 loss 3.3003 lr 3.00e-04 grad 1.583
[2026-10-01 00:24:48] ep 1 step 20/32 loss 2.8668 lr 1.76e-04 grad 0.968
[2026-10-01 00:24:48] ep 1 step 30/32 loss 2.7576 lr 1.59e-05 grad 0.751
[2026-10-01 00:24:48] epoch epoch=1 step=32 train_loss_running=3.2096 train_eval_loss=2.7152 train_eval_acc=0.3030 val_loss=2.7010 val_acc=0.3009 val_ppl=14.8950 val_bpc=3.8968 lr_end=0.0000
[2026-10-01 00:24:48] saved best checkpoint -> task1_llm\member_nikhil\checkpoints\smoke_gpt_nikhil_B_20261001-0024_best.pt
[2026-10-01 00:24:48] saved last checkpoint -> task1_llm\member_nikhil\checkpoints\smoke_gpt_nikhil_B_20261001-0024_last.pt
[2026-10-01 00:24:51] metric train_cross_entropy = 2.7152349948883057
[2026-10-01 00:24:51] metric train_cross_entropy_running_last_epoch = 3.2095877990722657
[2026-10-01 00:24:51] metric val_cross_entropy = 2.7010269165039062
[2026-10-01 00:24:51] metric val_perplexity = 14.895019815407531
[2026-10-01 00:24:51] metric val_bits_per_char = 3.896758137747794
[2026-10-01 00:24:51] metric generalization_gap = -0.014208078384399414
[2026-10-01 00:24:51] metric val_top1_next_char_accuracy = 0.3008984375
[2026-10-01 00:24:51] metric train_top1_next_char_accuracy = 0.3030078125
[2026-10-01 00:24:51] metric distinct_1_temp0.9 = 0.896551724137931
[2026-10-01 00:24:51] metric distinct_2_temp0.9 = 1.0
[2026-10-01 00:24:51] metric distinct_3_temp0.9 = 1.0
[2026-10-01 00:24:51] metric repeated_4gram_rate_temp0.9 = 0.0
[2026-10-01 00:24:51] metric distinct_1_greedy = 0.02631578947368421
[2026-10-01 00:24:51] metric distinct_2_greedy = 0.04225352112676056
[2026-10-01 00:24:51] metric distinct_3_greedy = 0.045454545454545456
[2026-10-01 00:24:51] metric repeated_4gram_rate_greedy = 0.8871794871794872
[2026-10-01 00:24:51] metric grad_norm_mean = 1.9273643866181374
[2026-10-01 00:24:51] metric grad_norm_max = 6.67595911026001
[2026-10-01 00:24:51] metric grad_norm_p99 = 6.617482447624207
[2026-10-01 00:24:51] metric grad_clip_fraction = 0.71875
[2026-10-01 00:24:51] metric loss_spike_count = 0
[2026-10-01 00:24:51] metric nan_inf_steps = 0
[2026-10-01 00:24:51] metric parameter_count = 1653840
[2026-10-01 00:24:51] metric train_tokens_per_sec = 267175.4410670362
[2026-10-01 00:24:51] metric generation_tokens_per_sec = 300.5548693743866
[2026-10-01 00:24:51] metric peak_accelerator_memory_mb = 511.1
[2026-10-01 00:24:51] metric peak_process_rss_mb = 1472.6
[2026-10-01 00:24:51] metric total_training_time_sec = 1.0430333999975119
[2026-10-01 00:24:51] metric pure_training_time_sec = 0.9581718999979785
[2026-10-01 00:24:51] metric epochs = 1
[2026-10-01 00:24:51] metric best_epoch = 1
[2026-10-01 00:24:51] metric hardware = NVIDIA GeForce RTX 5090
[2026-10-01 00:24:51] metric checkpoint = task1_llm\member_nikhil\checkpoints\smoke_gpt_nikhil_B_20261001-0024_best.pt
[2026-10-01 00:24:51] metric run_id = smoke_gpt_nikhil_B_20261001-0024
[2026-10-01 00:24:51] done: outputs -> task1_llm\member_nikhil\outputs\smoke_gpt_nikhil_B_20261001-0024
