[2026-09-25 17:37:37] run_id=gpt_nikhil_4L4H_20260925-1737 config=task1_llm/member_nikhil/src/configs/gpt_nikhil.yaml device=mps hardware=Apple M5 (mps)
[2026-09-25 17:37:37] config: {"run_name": "gpt_nikhil_4L4H", "seed": 1337, "device": "auto", "write_metrics_report": true, "data": {"raw_path": "task1_llm/data/tinystories_raw.txt", "processed_dir": "data_processed", "block_size": 128, "n_train": 100000, "n_val": 10000, "val_story_frac": 0.1}, "model": {"d_model": 256, "n_heads": 4, "n_layers": 4, "d_ff": 1024, "dropout": 0.1}, "train": {"batch_size": 64, "eval_batch_size": 256, "epochs": 12, "lr": 0.0003, "min_lr": 1e-05, "warmup_steps": 500, "weight_decay": 0.01, "grad_clip": 1.0, "spike_ratio": 1.3, "log_every": 100}, "generate": {"max_new_tokens": 400, "temperature": 0.8, "samples_per_prompt": 3, "prompts": ["Once upon a time, there was a little girl named", "Tom and his dog went to the park. ", "One day, a big bear", "The sun was hot and", "Lily wanted to"]}}
[2026-09-25 17:37:40] data: {'stories': 208918, 'train_chars_pool': 32212131, 'val_chars_pool': 3578896, 'vocab_size': 80, 'train_seqs': 100000, 'val_seqs': 10000, 'block_size': 128}
[2026-09-25 17:37:40] model: {'d_model': 256, 'n_heads': 4, 'n_layers': 4, 'd_ff': 1024, 'dropout': 0.1} params=3,233,360
[2026-09-25 17:37:40] steps/epoch=1563 total_steps=18756
[2026-09-25 17:37:40] ep 1 step 0/18756 loss 4.4724 lr 6.00e-07 grad 6.900
[2026-09-25 17:37:52] ep 1 step 100/18756 loss 2.7782 lr 6.06e-05 grad 0.939
[2026-09-25 17:38:04] ep 1 step 200/18756 loss 2.3731 lr 1.21e-04 grad 0.522
[2026-09-25 17:38:16] ep 1 step 300/18756 loss 2.2418 lr 1.81e-04 grad 0.688
[2026-09-25 17:38:28] ep 1 step 400/18756 loss 2.1178 lr 2.41e-04 grad 0.821
[2026-09-25 17:38:40] ep 1 step 500/18756 loss 1.9189 lr 3.00e-04 grad 1.267
[2026-09-25 17:38:52] ep 1 step 600/18756 loss 1.7635 lr 3.00e-04 grad 1.096
[2026-09-25 17:39:04] ep 1 step 700/18756 loss 1.5446 lr 3.00e-04 grad 0.944
[2026-09-25 17:39:16] ep 1 step 800/18756 loss 1.5473 lr 3.00e-04 grad 0.999
[2026-09-25 17:39:28] ep 1 step 900/18756 loss 1.4130 lr 3.00e-04 grad 0.934
[2026-09-25 17:39:40] ep 1 step 1000/18756 loss 1.3956 lr 2.99e-04 grad 0.927
[2026-09-25 17:39:53] ep 1 step 1100/18756 loss 1.2785 lr 2.99e-04 grad 0.888
[2026-09-25 17:40:05] ep 1 step 1200/18756 loss 1.3169 lr 2.99e-04 grad 0.915
[2026-09-25 17:40:18] ep 1 step 1300/18756 loss 1.2488 lr 2.99e-04 grad 0.901
[2026-09-25 17:40:31] ep 1 step 1400/18756 loss 1.2344 lr 2.98e-04 grad 0.887
[2026-09-25 17:40:45] ep 1 step 1500/18756 loss 1.1742 lr 2.98e-04 grad 0.850
[2026-09-25 17:41:07] epoch epoch=1 step=1563 train_loss_running=1.7570 train_eval_loss=1.0919 train_eval_acc=0.6584 val_loss=1.1004 val_acc=0.6558 val_ppl=3.0055 val_bpc=1.5876 lr_end=0.0003
[2026-09-25 17:41:08] saved best checkpoint -> task1_llm/member_nikhil/checkpoints/gpt_nikhil_4L4H_20260925-1737_best.pt
[2026-09-25 17:41:14] ep 2 step 1600/18756 loss 1.1863 lr 2.97e-04 grad 0.893
[2026-09-25 17:41:27] ep 2 step 1700/18756 loss 1.1314 lr 2.97e-04 grad 0.802
[2026-09-25 17:41:41] ep 2 step 1800/18756 loss 1.1217 lr 2.96e-04 grad 0.858
[2026-09-25 17:41:57] ep 2 step 1900/18756 loss 1.0882 lr 2.96e-04 grad 0.781
[2026-09-25 17:42:13] ep 2 step 2000/18756 loss 1.1600 lr 2.95e-04 grad 0.857
[2026-09-25 17:42:29] ep 2 step 2100/18756 loss 1.1117 lr 2.95e-04 grad 0.814
[2026-09-25 17:42:44] ep 2 step 2200/18756 loss 1.0882 lr 2.94e-04 grad 0.749
[2026-09-25 17:42:59] ep 2 step 2300/18756 loss 1.0377 lr 2.93e-04 grad 0.755
[2026-09-25 17:43:13] ep 2 step 2400/18756 loss 1.0158 lr 2.92e-04 grad 0.729
[2026-09-25 17:43:28] ep 2 step 2500/18756 loss 1.0767 lr 2.91e-04 grad 0.766
[2026-09-25 17:43:42] ep 2 step 2600/18756 loss 1.0383 lr 2.91e-04 grad 0.771
[2026-09-25 17:43:57] ep 2 step 2700/18756 loss 0.9875 lr 2.90e-04 grad 0.701
[2026-09-25 17:44:10] ep 2 step 2800/18756 loss 1.0489 lr 2.89e-04 grad 0.698
[2026-09-25 17:44:24] ep 2 step 2900/18756 loss 1.0163 lr 2.88e-04 grad 0.728
[2026-09-25 17:44:38] ep 2 step 3000/18756 loss 1.0540 lr 2.87e-04 grad 0.755
[2026-09-25 17:44:52] ep 2 step 3100/18756 loss 1.0253 lr 2.86e-04 grad 0.706
[2026-09-25 17:45:09] epoch epoch=2 step=3126 train_loss_running=1.0662 train_eval_loss=0.9218 train_eval_acc=0.7087 val_loss=0.9321 val_acc=0.7056 val_ppl=2.5399 val_bpc=1.3447 lr_end=0.0003
[2026-09-25 17:45:09] saved best checkpoint -> task1_llm/member_nikhil/checkpoints/gpt_nikhil_4L4H_20260925-1737_best.pt
[2026-09-25 17:45:20] ep 3 step 3200/18756 loss 1.0181 lr 2.85e-04 grad 0.696
[2026-09-25 17:45:33] ep 3 step 3300/18756 loss 0.9471 lr 2.83e-04 grad 0.638
[2026-09-25 17:45:47] ep 3 step 3400/18756 loss 0.9828 lr 2.82e-04 grad 0.662
[2026-09-25 17:46:01] ep 3 step 3500/18756 loss 0.9892 lr 2.81e-04 grad 0.696
[2026-09-25 17:46:14] ep 3 step 3600/18756 loss 0.9689 lr 2.80e-04 grad 0.654
[2026-09-25 17:46:28] ep 3 step 3700/18756 loss 0.9269 lr 2.79e-04 grad 0.618
[2026-09-25 17:46:42] ep 3 step 3800/18756 loss 0.9792 lr 2.77e-04 grad 0.649
[2026-09-25 17:46:56] ep 3 step 3900/18756 loss 0.9776 lr 2.76e-04 grad 0.666
[2026-09-25 17:47:09] ep 3 step 4000/18756 loss 0.9619 lr 2.74e-04 grad 0.647
[2026-09-25 17:47:23] ep 3 step 4100/18756 loss 0.9268 lr 2.73e-04 grad 0.647
[2026-09-25 17:47:38] ep 3 step 4200/18756 loss 0.9350 lr 2.72e-04 grad 0.639
[2026-09-25 17:47:53] ep 3 step 4300/18756 loss 0.9624 lr 2.70e-04 grad 0.631
[2026-09-25 17:48:08] ep 3 step 4400/18756 loss 0.9758 lr 2.69e-04 grad 0.642
[2026-09-25 17:48:23] ep 3 step 4500/18756 loss 0.9130 lr 2.67e-04 grad 0.583
[2026-09-25 17:48:37] ep 3 step 4600/18756 loss 0.9383 lr 2.65e-04 grad 0.603
[2026-09-25 17:49:05] epoch epoch=3 step=4689 train_loss_running=0.9580 train_eval_loss=0.8634 train_eval_acc=0.7256 val_loss=0.8773 val_acc=0.7218 val_ppl=2.4043 val_bpc=1.2656 lr_end=0.0003
[2026-09-25 17:49:05] saved best checkpoint -> task1_llm/member_nikhil/checkpoints/gpt_nikhil_4L4H_20260925-1737_best.pt
[2026-09-25 17:49:07] ep 4 step 4700/18756 loss 0.9186 lr 2.64e-04 grad 0.606
[2026-09-25 17:49:22] ep 4 step 4800/18756 loss 0.9259 lr 2.62e-04 grad 0.631
[2026-09-25 17:49:37] ep 4 step 4900/18756 loss 0.9503 lr 2.60e-04 grad 0.637
[2026-09-25 17:49:51] ep 4 step 5000/18756 loss 0.9123 lr 2.59e-04 grad 0.610
[2026-09-25 17:50:05] ep 4 step 5100/18756 loss 0.9188 lr 2.57e-04 grad 0.610
[2026-09-25 17:50:21] ep 4 step 5200/18756 loss 0.9232 lr 2.55e-04 grad 0.611
[2026-09-25 17:50:37] ep 4 step 5300/18756 loss 0.9048 lr 2.53e-04 grad 0.604
[2026-09-25 17:50:53] ep 4 step 5400/18756 loss 0.9060 lr 2.51e-04 grad 0.586
[2026-09-25 17:51:07] ep 4 step 5500/18756 loss 0.9029 lr 2.50e-04 grad 0.585
[2026-09-25 17:51:21] ep 4 step 5600/18756 loss 0.8892 lr 2.48e-04 grad 0.575
[2026-09-25 17:51:36] ep 4 step 5700/18756 loss 0.8651 lr 2.46e-04 grad 0.562
[2026-09-25 17:51:52] ep 4 step 5800/18756 loss 0.8769 lr 2.44e-04 grad 0.557
[2026-09-25 17:52:07] ep 4 step 5900/18756 loss 0.9060 lr 2.42e-04 grad 0.600
[2026-09-25 17:52:21] ep 4 step 6000/18756 loss 0.8625 lr 2.40e-04 grad 0.550
[2026-09-25 17:52:34] ep 4 step 6100/18756 loss 0.9229 lr 2.38e-04 grad 0.591
[2026-09-25 17:52:49] ep 4 step 6200/18756 loss 0.8573 lr 2.36e-04 grad 0.554
[2026-09-25 17:53:10] epoch epoch=4 step=6252 train_loss_running=0.9076 train_eval_loss=0.8281 train_eval_acc=0.7359 val_loss=0.8450 val_acc=0.7314 val_ppl=2.3281 val_bpc=1.2191 lr_end=0.0002
[2026-09-25 17:53:10] saved best checkpoint -> task1_llm/member_nikhil/checkpoints/gpt_nikhil_4L4H_20260925-1737_best.pt
[2026-09-25 17:53:17] ep 5 step 6300/18756 loss 0.8572 lr 2.34e-04 grad 0.559
[2026-09-25 17:53:32] ep 5 step 6400/18756 loss 0.8590 lr 2.31e-04 grad 0.549
[2026-09-25 17:53:46] ep 5 step 6500/18756 loss 0.8985 lr 2.29e-04 grad 0.556
[2026-09-25 17:54:02] ep 5 step 6600/18756 loss 0.8915 lr 2.27e-04 grad 0.549
[2026-09-25 17:54:16] ep 5 step 6700/18756 loss 0.8949 lr 2.25e-04 grad 0.573
[2026-09-25 17:54:30] ep 5 step 6800/18756 loss 0.8827 lr 2.23e-04 grad 0.568
[2026-09-25 17:54:44] ep 5 step 6900/18756 loss 0.8870 lr 2.21e-04 grad 0.539
[2026-09-25 17:57:06] ep 5 step 7000/18756 loss 0.8273 lr 2.18e-04 grad 0.547
[2026-09-25 17:57:17] ep 5 step 7100/18756 loss 0.8677 lr 2.16e-04 grad 0.583
[2026-09-25 17:57:28] ep 5 step 7200/18756 loss 0.8376 lr 2.14e-04 grad 0.528
[2026-09-25 17:57:40] ep 5 step 7300/18756 loss 0.8513 lr 2.12e-04 grad 0.536
[2026-09-25 17:57:51] ep 5 step 7400/18756 loss 0.8606 lr 2.09e-04 grad 0.540
[2026-09-25 17:58:03] ep 5 step 7500/18756 loss 0.8747 lr 2.07e-04 grad 0.573
[2026-09-25 17:58:15] ep 5 step 7600/18756 loss 0.8812 lr 2.05e-04 grad 0.574
[2026-09-25 17:58:27] ep 5 step 7700/18756 loss 0.8687 lr 2.02e-04 grad 0.554
[2026-09-25 17:58:40] ep 5 step 7800/18756 loss 0.8466 lr 2.00e-04 grad 0.535
[2026-09-25 17:58:54] epoch epoch=5 step=7815 train_loss_running=0.8759 train_eval_loss=0.8031 train_eval_acc=0.7430 val_loss=0.8226 val_acc=0.7376 val_ppl=2.2764 val_bpc=1.1868 lr_end=0.0002
[2026-09-25 17:58:54] saved best checkpoint -> task1_llm/member_nikhil/checkpoints/gpt_nikhil_4L4H_20260925-1737_best.pt
[2026-09-25 17:59:05] ep 6 step 7900/18756 loss 0.8753 lr 1.97e-04 grad 0.555
[2026-09-25 17:59:19] ep 6 step 8000/18756 loss 0.8531 lr 1.95e-04 grad 0.538
[2026-09-25 17:59:33] ep 6 step 8100/18756 loss 0.8416 lr 1.93e-04 grad 0.531
[2026-09-25 17:59:48] ep 6 step 8200/18756 loss 0.8703 lr 1.90e-04 grad 0.570
[2026-09-25 18:00:03] ep 6 step 8300/18756 loss 0.8802 lr 1.88e-04 grad 0.558
[2026-09-25 18:00:18] ep 6 step 8400/18756 loss 0.8311 lr 1.85e-04 grad 0.526
[2026-09-25 18:00:32] ep 6 step 8500/18756 loss 0.8634 lr 1.83e-04 grad 0.550
[2026-09-25 18:00:46] ep 6 step 8600/18756 loss 0.8646 lr 1.81e-04 grad 0.533
[2026-09-25 18:01:00] ep 6 step 8700/18756 loss 0.8667 lr 1.78e-04 grad 0.541
[2026-09-25 18:01:14] ep 6 step 8800/18756 loss 0.8663 lr 1.76e-04 grad 0.563
[2026-09-25 18:01:29] ep 6 step 8900/18756 loss 0.8603 lr 1.73e-04 grad 0.571
[2026-09-25 18:01:43] ep 6 step 9000/18756 loss 0.8601 lr 1.71e-04 grad 0.559
[2026-09-25 18:01:57] ep 6 step 9100/18756 loss 0.8473 lr 1.68e-04 grad 0.538
[2026-09-25 18:02:11] ep 6 step 9200/18756 loss 0.8327 lr 1.66e-04 grad 0.545
[2026-09-25 18:02:26] ep 6 step 9300/18756 loss 0.7833 lr 1.63e-04 grad 0.532
[2026-09-25 18:02:51] epoch epoch=6 step=9378 train_loss_running=0.8529 train_eval_loss=0.7855 train_eval_acc=0.7481 val_loss=0.8067 val_acc=0.7426 val_ppl=2.2406 val_bpc=1.1639 lr_end=0.0002
[2026-09-25 18:02:51] saved best checkpoint -> task1_llm/member_nikhil/checkpoints/gpt_nikhil_4L4H_20260925-1737_best.pt
[2026-09-25 18:02:55] ep 7 step 9400/18756 loss 0.8268 lr 1.61e-04 grad 0.520
[2026-09-25 18:03:10] ep 7 step 9500/18756 loss 0.8072 lr 1.58e-04 grad 0.520
[2026-09-25 18:03:26] ep 7 step 9600/18756 loss 0.8890 lr 1.56e-04 grad 0.559
[2026-09-25 18:03:41] ep 7 step 9700/18756 loss 0.8102 lr 1.53e-04 grad 0.535
[2026-09-25 18:03:55] ep 7 step 9800/18756 loss 0.8612 lr 1.51e-04 grad 0.552
[2026-09-25 18:04:10] ep 7 step 9900/18756 loss 0.8358 lr 1.48e-04 grad 0.528
[2026-09-25 18:04:25] ep 7 step 10000/18756 loss 0.8556 lr 1.46e-04 grad 0.557
[2026-09-25 18:04:40] ep 7 step 10100/18756 loss 0.8644 lr 1.43e-04 grad 0.573
[2026-09-25 18:04:55] ep 7 step 10200/18756 loss 0.8503 lr 1.41e-04 grad 0.533
[2026-09-25 18:05:10] ep 7 step 10300/18756 loss 0.7931 lr 1.38e-04 grad 0.520
[2026-09-25 18:05:24] ep 7 step 10400/18756 loss 0.8255 lr 1.36e-04 grad 0.545
[2026-09-25 18:05:39] ep 7 step 10500/18756 loss 0.8335 lr 1.33e-04 grad 0.533
[2026-09-25 18:05:53] ep 7 step 10600/18756 loss 0.8267 lr 1.31e-04 grad 0.569
[2026-09-25 18:06:08] ep 7 step 10700/18756 loss 0.8833 lr 1.28e-04 grad 0.571
[2026-09-25 18:06:24] ep 7 step 10800/18756 loss 0.8519 lr 1.26e-04 grad 0.543
[2026-09-25 18:06:41] ep 7 step 10900/18756 loss 0.8334 lr 1.24e-04 grad 0.539
[2026-09-25 18:07:01] epoch epoch=7 step=10941 train_loss_running=0.8352 train_eval_loss=0.7694 train_eval_acc=0.7531 val_loss=0.7928 val_acc=0.7469 val_ppl=2.2097 val_bpc=1.1438 lr_end=0.0001
[2026-09-25 18:07:01] saved best checkpoint -> task1_llm/member_nikhil/checkpoints/gpt_nikhil_4L4H_20260925-1737_best.pt
[2026-09-25 18:07:10] ep 8 step 11000/18756 loss 0.7910 lr 1.21e-04 grad 0.551
[2026-09-25 18:07:25] ep 8 step 11100/18756 loss 0.8468 lr 1.19e-04 grad 0.561
[2026-09-25 18:07:39] ep 8 step 11200/18756 loss 0.8234 lr 1.16e-04 grad 0.533
[2026-09-25 18:07:54] ep 8 step 11300/18756 loss 0.8407 lr 1.14e-04 grad 0.547
[2026-09-25 18:08:09] ep 8 step 11400/18756 loss 0.8417 lr 1.11e-04 grad 0.545
[2026-09-25 18:08:24] ep 8 step 11500/18756 loss 0.7999 lr 1.09e-04 grad 0.527
[2026-09-25 18:08:38] ep 8 step 11600/18756 loss 0.8240 lr 1.07e-04 grad 0.526
[2026-09-25 18:08:53] ep 8 step 11700/18756 loss 0.8418 lr 1.04e-04 grad 0.549
[2026-09-25 18:09:08] ep 8 step 11800/18756 loss 0.8107 lr 1.02e-04 grad 0.530
[2026-09-25 18:09:23] ep 8 step 11900/18756 loss 0.8183 lr 9.97e-05 grad 0.542
[2026-09-25 18:09:38] ep 8 step 12000/18756 loss 0.8555 lr 9.74e-05 grad 0.560
[2026-09-25 18:09:53] ep 8 step 12100/18756 loss 0.8172 lr 9.52e-05 grad 0.538
[2026-09-25 18:10:08] ep 8 step 12200/18756 loss 0.8559 lr 9.29e-05 grad 0.554
[2026-09-25 18:10:23] ep 8 step 12300/18756 loss 0.7411 lr 9.07e-05 grad 0.509
[2026-09-25 18:10:38] ep 8 step 12400/18756 loss 0.8230 lr 8.84e-05 grad 0.543
[2026-09-25 18:10:55] ep 8 step 12500/18756 loss 0.8361 lr 8.62e-05 grad 0.556
[2026-09-25 18:11:12] epoch epoch=8 step=12504 train_loss_running=0.8210 train_eval_loss=0.7588 train_eval_acc=0.7564 val_loss=0.7844 val_acc=0.7497 val_ppl=2.1910 val_bpc=1.1316 lr_end=0.0001
[2026-09-25 18:11:12] saved best checkpoint -> task1_llm/member_nikhil/checkpoints/gpt_nikhil_4L4H_20260925-1737_best.pt
[2026-09-25 18:11:26] ep 9 step 12600/18756 loss 0.8032 lr 8.40e-05 grad 0.535
[2026-09-25 18:11:41] ep 9 step 12700/18756 loss 0.7945 lr 8.19e-05 grad 0.542
[2026-09-25 18:11:56] ep 9 step 12800/18756 loss 0.7610 lr 7.97e-05 grad 0.518
[2026-09-25 18:12:10] ep 9 step 12900/18756 loss 0.8461 lr 7.76e-05 grad 0.566
[2026-09-25 18:12:25] ep 9 step 13000/18756 loss 0.7716 lr 7.55e-05 grad 0.514
[2026-09-25 18:12:40] ep 9 step 13100/18756 loss 0.7873 lr 7.34e-05 grad 0.532
[2026-09-25 18:12:55] ep 9 step 13200/18756 loss 0.7816 lr 7.14e-05 grad 0.511
[2026-09-25 18:13:11] ep 9 step 13300/18756 loss 0.8466 lr 6.94e-05 grad 0.562
[2026-09-25 18:13:28] ep 9 step 13400/18756 loss 0.7862 lr 6.74e-05 grad 0.540
[2026-09-25 18:13:45] ep 9 step 13500/18756 loss 0.8323 lr 6.54e-05 grad 0.538
[2026-09-25 18:14:01] ep 9 step 13600/18756 loss 0.8413 lr 6.34e-05 grad 0.571
[2026-09-25 18:14:16] ep 9 step 13700/18756 loss 0.7973 lr 6.15e-05 grad 0.526
[2026-09-25 18:14:31] ep 9 step 13800/18756 loss 0.7640 lr 5.96e-05 grad 0.509
[2026-09-25 18:14:46] ep 9 step 13900/18756 loss 0.7907 lr 5.77e-05 grad 0.530
[2026-09-25 18:15:02] ep 9 step 14000/18756 loss 0.8007 lr 5.59e-05 grad 0.540
[2026-09-25 18:15:25] epoch epoch=9 step=14067 train_loss_running=0.8096 train_eval_loss=0.7496 train_eval_acc=0.7592 val_loss=0.7769 val_acc=0.7518 val_ppl=2.1748 val_bpc=1.1209 lr_end=0.0001
[2026-09-25 18:15:25] saved best checkpoint -> task1_llm/member_nikhil/checkpoints/gpt_nikhil_4L4H_20260925-1737_best.pt
[2026-09-25 18:15:30] ep 10 step 14100/18756 loss 0.7777 lr 5.41e-05 grad 0.537
[2026-09-25 18:15:44] ep 10 step 14200/18756 loss 0.8067 lr 5.23e-05 grad 0.542
[2026-09-25 18:15:58] ep 10 step 14300/18756 loss 0.7985 lr 5.06e-05 grad 0.547
[2026-09-25 18:16:12] ep 10 step 14400/18756 loss 0.7919 lr 4.89e-05 grad 0.534
[2026-09-25 18:16:26] ep 10 step 14500/18756 loss 0.8352 lr 4.72e-05 grad 0.577
[2026-09-25 18:16:40] ep 10 step 14600/18756 loss 0.7997 lr 4.55e-05 grad 0.554
[2026-09-25 18:16:54] ep 10 step 14700/18756 loss 0.8151 lr 4.39e-05 grad 0.550
[2026-09-25 18:17:08] ep 10 step 14800/18756 loss 0.7791 lr 4.23e-05 grad 0.526
[2026-09-25 18:17:23] ep 10 step 14900/18756 loss 0.7818 lr 4.08e-05 grad 0.535
[2026-09-25 18:17:37] ep 10 step 15000/18756 loss 0.7935 lr 3.92e-05 grad 0.539
[2026-09-25 18:17:51] ep 10 step 15100/18756 loss 0.7743 lr 3.78e-05 grad 0.530
[2026-09-25 18:18:05] ep 10 step 15200/18756 loss 0.8082 lr 3.63e-05 grad 0.567
[2026-09-25 18:18:19] ep 10 step 15300/18756 loss 0.8210 lr 3.49e-05 grad 0.550
[2026-09-25 18:18:34] ep 10 step 15400/18756 loss 0.7920 lr 3.35e-05 grad 0.553
[2026-09-25 18:18:48] ep 10 step 15500/18756 loss 0.7980 lr 3.22e-05 grad 0.555
[2026-09-25 18:19:02] ep 10 step 15600/18756 loss 0.7430 lr 3.09e-05 grad 0.509
[2026-09-25 18:19:20] epoch epoch=10 step=15630 train_loss_running=0.8011 train_eval_loss=0.7437 train_eval_acc=0.7610 val_loss=0.7721 val_acc=0.7539 val_ppl=2.1642 val_bpc=1.1139 lr_end=0.0000
[2026-09-25 18:19:20] saved best checkpoint -> task1_llm/member_nikhil/checkpoints/gpt_nikhil_4L4H_20260925-1737_best.pt
[2026-09-25 18:19:30] ep 11 step 15700/18756 loss 0.8168 lr 2.96e-05 grad 0.558
[2026-09-25 18:19:44] ep 11 step 15800/18756 loss 0.7625 lr 2.84e-05 grad 0.526
[2026-09-25 18:19:59] ep 11 step 15900/18756 loss 0.8305 lr 2.72e-05 grad 0.565
[2026-09-25 18:20:13] ep 11 step 16000/18756 loss 0.7647 lr 2.60e-05 grad 0.544
[2026-09-25 18:20:27] ep 11 step 16100/18756 loss 0.8034 lr 2.49e-05 grad 0.552
[2026-09-25 18:20:41] ep 11 step 16200/18756 loss 0.7684 lr 2.38e-05 grad 0.546
[2026-09-25 18:20:56] ep 11 step 16300/18756 loss 0.7836 lr 2.28e-05 grad 0.561
[2026-09-25 18:21:10] ep 11 step 16400/18756 loss 0.7928 lr 2.18e-05 grad 0.543
[2026-09-25 18:21:24] ep 11 step 16500/18756 loss 0.7824 lr 2.08e-05 grad 0.547
[2026-09-25 18:21:39] ep 11 step 16600/18756 loss 0.8106 lr 1.99e-05 grad 0.558
[2026-09-25 18:21:53] ep 11 step 16700/18756 loss 0.7801 lr 1.90e-05 grad 0.548
[2026-09-25 18:22:08] ep 11 step 16800/18756 loss 0.7946 lr 1.81e-05 grad 0.545
[2026-09-25 18:22:22] ep 11 step 16900/18756 loss 0.7986 lr 1.73e-05 grad 0.555
[2026-09-25 18:22:36] ep 11 step 17000/18756 loss 0.7927 lr 1.66e-05 grad 0.561
[2026-09-25 18:22:51] ep 11 step 17100/18756 loss 0.7955 lr 1.58e-05 grad 0.558
[2026-09-25 18:23:18] epoch epoch=11 step=17193 train_loss_running=0.7952 train_eval_loss=0.7403 train_eval_acc=0.7619 val_loss=0.7695 val_acc=0.7542 val_ppl=2.1586 val_bpc=1.1101 lr_end=0.0000
[2026-09-25 18:23:18] saved best checkpoint -> task1_llm/member_nikhil/checkpoints/gpt_nikhil_4L4H_20260925-1737_best.pt
[2026-09-25 18:23:19] ep 12 step 17200/18756 loss 0.8040 lr 1.52e-05 grad 0.573
[2026-09-25 18:23:34] ep 12 step 17300/18756 loss 0.7844 lr 1.45e-05 grad 0.548
[2026-09-25 18:23:48] ep 12 step 17400/18756 loss 0.7993 lr 1.39e-05 grad 0.553
[2026-09-25 18:24:03] ep 12 step 17500/18756 loss 0.7575 lr 1.34e-05 grad 0.549
[2026-09-25 18:24:17] ep 12 step 17600/18756 loss 0.8034 lr 1.29e-05 grad 0.578
[2026-09-25 18:24:34] ep 12 step 17700/18756 loss 0.7905 lr 1.24e-05 grad 0.547
[2026-09-25 18:24:48] ep 12 step 17800/18756 loss 0.7933 lr 1.20e-05 grad 0.554
[2026-09-25 18:25:05] ep 12 step 17900/18756 loss 0.7946 lr 1.16e-05 grad 0.552
[2026-09-25 18:25:20] ep 12 step 18000/18756 loss 0.7904 lr 1.12e-05 grad 0.557
[2026-09-25 18:25:35] ep 12 step 18100/18756 loss 0.8339 lr 1.09e-05 grad 0.575
[2026-09-25 18:25:52] ep 12 step 18200/18756 loss 0.7775 lr 1.07e-05 grad 0.553
[2026-09-25 18:26:07] ep 12 step 18300/18756 loss 0.7960 lr 1.04e-05 grad 0.546
[2026-09-25 18:26:21] ep 12 step 18400/18756 loss 0.8006 lr 1.03e-05 grad 0.557
[2026-09-25 18:26:36] ep 12 step 18500/18756 loss 0.7848 lr 1.01e-05 grad 0.566
[2026-09-25 18:26:51] ep 12 step 18600/18756 loss 0.7886 lr 1.01e-05 grad 0.542
[2026-09-25 18:27:06] ep 12 step 18700/18756 loss 0.7884 lr 1.00e-05 grad 0.557
[2026-09-25 18:27:28] epoch epoch=12 step=18756 train_loss_running=0.7918 train_eval_loss=0.7383 train_eval_acc=0.7625 val_loss=0.7679 val_acc=0.7549 val_ppl=2.1553 val_bpc=1.1079 lr_end=0.0000
[2026-09-25 18:27:28] saved best checkpoint -> task1_llm/member_nikhil/checkpoints/gpt_nikhil_4L4H_20260925-1737_best.pt
[2026-09-25 18:27:29] saved last checkpoint -> task1_llm/member_nikhil/checkpoints/gpt_nikhil_4L4H_20260925-1737_last.pt
[2026-09-25 18:28:40] metric train_cross_entropy = 0.7382899780273438
[2026-09-25 18:28:40] metric train_cross_entropy_running_last_epoch = 0.7918385327911377
[2026-09-25 18:28:40] metric val_cross_entropy = 0.7679348930358887
[2026-09-25 18:28:40] metric val_perplexity = 2.155310707626523
[2026-09-25 18:28:40] metric val_bits_per_char = 1.1078958619084731
[2026-09-25 18:28:40] metric generalization_gap = 0.029644915008544936
[2026-09-25 18:28:40] metric val_top1_next_char_accuracy = 0.75485078125
[2026-09-25 18:28:40] metric train_top1_next_char_accuracy = 0.76250234375
[2026-09-25 18:28:40] metric distinct_1_temp0.8 = 0.3083807973962571
[2026-09-25 18:28:40] metric distinct_2_temp0.8 = 0.7487644151565074
[2026-09-25 18:28:40] metric distinct_3_temp0.8 = 0.914095079232694
[2026-09-25 18:28:40] metric repeated_4gram_rate_temp0.8 = 0.005796811759589373
[2026-09-25 18:28:40] metric distinct_1_greedy = 0.16666666666666666
[2026-09-25 18:28:40] metric distinct_2_greedy = 0.3002309468822171
[2026-09-25 18:28:40] metric distinct_3_greedy = 0.37149532710280375
[2026-09-25 18:28:40] metric repeated_4gram_rate_greedy = 0.3939938970412106
[2026-09-25 18:28:40] metric grad_norm_mean = 0.6172471777189386
[2026-09-25 18:28:40] metric grad_norm_max = 6.919741630554199
[2026-09-25 18:28:40] metric grad_norm_p99 = 1.1032086312770844
[2026-09-25 18:28:40] metric grad_clip_fraction = 0.023565792279803797
[2026-09-25 18:28:40] metric loss_spike_count = 0
[2026-09-25 18:28:40] metric nan_inf_steps = 0
[2026-09-25 18:28:40] metric parameter_count = 3233360
[2026-09-25 18:28:40] metric train_tokens_per_sec = 57145.60151270594
[2026-09-25 18:28:40] metric generation_tokens_per_sec = 141.04258394166476
[2026-09-25 18:28:40] metric peak_accelerator_memory_mb = 2222.2
[2026-09-25 18:28:40] metric peak_process_rss_mb = 1047.6
[2026-09-25 18:28:40] metric total_training_time_sec = 2859.286977875
[2026-09-25 18:28:40] metric pure_training_time_sec = 2687.8709110419995
[2026-09-25 18:28:40] metric epochs = 12
[2026-09-25 18:28:40] metric best_epoch = 12
[2026-09-25 18:28:40] metric hardware = Apple M5 (mps)
[2026-09-25 18:28:40] metric checkpoint = task1_llm/member_nikhil/checkpoints/gpt_nikhil_4L4H_20260925-1737_best.pt
[2026-09-25 18:28:40] metric run_id = gpt_nikhil_4L4H_20260925-1737
[2026-09-25 18:28:41] done: outputs -> task1_llm/member_nikhil/outputs/gpt_nikhil_4L4H_20260925-1737
