[2026-09-25 20:29:09] START run_id=quick_cyclegan_nikhil_20260925-2029 config=task3_gan/member_nikhil/src/configs/quick.yaml device=mps hardware=Apple M5 (mps)
[2026-09-25 20:29:09] config: {"run_name": "quick_cyclegan_nikhil", "seed": 7, "device": "auto", "write_metrics_report": false, "log_every": 200, "data": {"root": "task3_gan/data/pilot_monet2photo", "monet_dir": "monet_jpg", "photo_dir": "photo_jpg", "image_size": 128, "load_size": 143, "monet_holdout": 0, "photo_holdout": 500, "epoch_size": null, "max_images": null, "max_monet": 300, "max_photo": 2000}, "model": {"ngf": 64, "n_blocks": 6, "ndf": 64}, "train": {"batch_size": 2, "num_workers": 4, "lr": 0.0002, "betas": [0.5, 0.999], "epochs_constant": 5, "epochs_decay": 5, "lambda_cycle": 10, "lambda_identity": 5, "pool_size": 50, "checkpoint_every": 2}, "eval": {"batch_size": 32, "kid_subset_size": 300, "prdc_k": 5, "audit_samples": 30, "save_predictions": true, "make_submission": false}, "submission": {"infer_size": 256, "output_size": 256, "zip_name": "images.zip"}}
[2026-09-25 20:29:09] data: monet train/eval=300/300 photo train/eval=1500/500
[2026-09-25 20:29:09] params: {'G_AB': 7837699, 'G_BA': 7837699, 'D_A': 2764737, 'D_B': 2764737} total=21,204,872
[2026-09-25 20:30:28] epoch 1 iter 200/750 G_total=11.2579 G_adv_A2B=0.6476 G_adv_B2A=0.5069 cycle_A=0.3042 cycle_B=0.3690 identity_A=0.3149 identity_B=0.3593 D_A=0.2590 D_B=0.3052 grad_norm_G=45.2103 grad_norm_D=26.6539
[2026-09-25 20:31:45] epoch 1 iter 400/750 G_total=8.7494 G_adv_A2B=0.3233 G_adv_B2A=0.6917 cycle_A=0.1652 cycle_B=0.3682 identity_A=0.1527 identity_B=0.3273 D_A=0.2053 D_B=0.2525 grad_norm_G=51.9518 grad_norm_D=23.8923
[2026-09-25 20:33:04] epoch 1 iter 600/750 G_total=8.3794 G_adv_A2B=0.5485 G_adv_B2A=0.5347 cycle_A=0.2588 cycle_B=0.2566 identity_A=0.2335 identity_B=0.1949 D_A=0.2316 D_B=0.2235 grad_norm_G=34.5688 grad_norm_D=24.0653
[2026-09-25 20:34:04] epoch_summary epoch=1 G_total=9.3405 G_adv_A2B=0.4630 G_adv_B2A=0.4860 cycle_A=0.2769 cycle_B=0.2945 identity_A=0.2644 identity_B=0.2712 D_A=0.3403 D_B=0.3361 grad_norm_G=46.0250 grad_norm_D=21.6015 lr=0.0002 epoch_time_sec=294.8382 train_images_per_sec=10.1751
[2026-09-25 20:35:27] epoch 2 iter 200/750 G_total=8.8596 G_adv_A2B=0.4124 G_adv_B2A=0.4063 cycle_A=0.3026 cycle_B=0.2125 identity_A=0.3738 identity_B=0.2040 D_A=0.1636 D_B=0.1472 grad_norm_G=42.5676 grad_norm_D=15.1461
[2026-09-25 20:36:53] epoch 2 iter 400/750 G_total=8.0147 G_adv_A2B=0.6101 G_adv_B2A=0.3059 cycle_A=0.2132 cycle_B=0.2700 identity_A=0.1951 identity_B=0.2583 D_A=0.1560 D_B=0.2535 grad_norm_G=21.3449 grad_norm_D=17.2699
[2026-09-25 20:38:24] epoch 2 iter 600/750 G_total=5.5516 G_adv_A2B=0.5921 G_adv_B2A=0.0839 cycle_A=0.1429 cycle_B=0.1942 identity_A=0.1442 identity_B=0.1568 D_A=0.3853 D_B=0.3023 grad_norm_G=29.2416 grad_norm_D=26.1360
[2026-09-25 20:39:29] epoch_summary epoch=2 G_total=8.0514 G_adv_A2B=0.4548 G_adv_B2A=0.4565 cycle_A=0.2359 cycle_B=0.2526 identity_A=0.2224 identity_B=0.2286 D_A=0.2124 D_B=0.2266 grad_norm_G=40.0470 grad_norm_D=20.2962 lr=0.0002 epoch_time_sec=324.9471 train_images_per_sec=9.2323
[2026-09-25 20:39:30] checkpoint -> task3_gan/member_nikhil/checkpoints/quick_cyclegan_nikhil_20260925-2029_epoch002.pt
[2026-09-25 20:40:59] epoch 3 iter 200/750 G_total=7.0817 G_adv_A2B=0.4012 G_adv_B2A=0.4831 cycle_A=0.1947 cycle_B=0.2070 identity_A=0.2112 identity_B=0.2249 D_A=0.1297 D_B=0.1623 grad_norm_G=35.2306 grad_norm_D=11.0262
[2026-09-25 20:42:32] epoch 3 iter 400/750 G_total=6.6196 G_adv_A2B=0.6184 G_adv_B2A=0.3340 cycle_A=0.1503 cycle_B=0.2354 identity_A=0.1382 identity_B=0.2239 D_A=0.2747 D_B=0.1325 grad_norm_G=32.0538 grad_norm_D=25.2776
[2026-09-25 20:44:03] epoch 3 iter 600/750 G_total=7.2011 G_adv_A2B=0.8005 G_adv_B2A=0.1834 cycle_A=0.2161 cycle_B=0.2053 identity_A=0.2051 identity_B=0.1956 D_A=0.2955 D_B=0.3675 grad_norm_G=47.5033 grad_norm_D=30.7702
[2026-09-25 20:45:09] epoch_summary epoch=3 G_total=7.5932 G_adv_A2B=0.4634 G_adv_B2A=0.4317 cycle_A=0.2215 cycle_B=0.2361 identity_A=0.2114 identity_B=0.2131 D_A=0.2004 D_B=0.2055 grad_norm_G=38.7006 grad_norm_D=20.2360 lr=0.0002 epoch_time_sec=338.5564 train_images_per_sec=8.8612
[2026-09-25 20:46:36] epoch 4 iter 200/750 G_total=7.5207 G_adv_A2B=0.3992 G_adv_B2A=0.9718 cycle_A=0.2689 cycle_B=0.1526 identity_A=0.2666 identity_B=0.1204 D_A=0.4542 D_B=0.1872 grad_norm_G=52.0476 grad_norm_D=32.8182
[2026-09-25 20:48:05] epoch 4 iter 400/750 G_total=6.6018 G_adv_A2B=0.4717 G_adv_B2A=0.2741 cycle_A=0.1831 cycle_B=0.2096 identity_A=0.1873 identity_B=0.1984 D_A=0.1543 D_B=0.1486 grad_norm_G=29.3344 grad_norm_D=18.3788
[2026-09-25 20:49:36] epoch 4 iter 600/750 G_total=6.1220 G_adv_A2B=0.4090 G_adv_B2A=0.2564 cycle_A=0.1813 cycle_B=0.1854 identity_A=0.1949 identity_B=0.1632 D_A=0.1556 D_B=0.1696 grad_norm_G=23.4090 grad_norm_D=9.7850
[2026-09-25 20:50:42] epoch_summary epoch=4 G_total=7.3364 G_adv_A2B=0.4488 G_adv_B2A=0.4201 cycle_A=0.2137 cycle_B=0.2277 identity_A=0.2056 identity_B=0.2050 D_A=0.1986 D_B=0.2033 grad_norm_G=36.4695 grad_norm_D=19.4620 lr=0.0002 epoch_time_sec=333.1145 train_images_per_sec=9.0059
[2026-09-25 20:50:43] checkpoint -> task3_gan/member_nikhil/checkpoints/quick_cyclegan_nikhil_20260925-2029_epoch004.pt
[2026-09-25 20:52:15] epoch 5 iter 200/750 G_total=6.7072 G_adv_A2B=0.2773 G_adv_B2A=0.3768 cycle_A=0.1581 cycle_B=0.2714 identity_A=0.1607 identity_B=0.1909 D_A=0.2029 D_B=0.1260 grad_norm_G=48.4941 grad_norm_D=19.5800
[2026-09-25 20:53:47] epoch 5 iter 400/750 G_total=5.7874 G_adv_A2B=0.4157 G_adv_B2A=0.5376 cycle_A=0.1911 cycle_B=0.1407 identity_A=0.1887 identity_B=0.1146 D_A=0.2076 D_B=0.0948 grad_norm_G=33.2684 grad_norm_D=13.4122
[2026-09-25 20:55:13] epoch 5 iter 600/750 G_total=5.5547 G_adv_A2B=0.4018 G_adv_B2A=0.1541 cycle_A=0.1707 cycle_B=0.1587 identity_A=0.1959 identity_B=0.1450 D_A=0.2923 D_B=0.1880 grad_norm_G=27.1898 grad_norm_D=22.1919
[2026-09-25 20:56:18] epoch_summary epoch=5 G_total=6.9029 G_adv_A2B=0.4312 G_adv_B2A=0.4077 cycle_A=0.2004 cycle_B=0.2122 identity_A=0.1918 identity_B=0.1958 D_A=0.2000 D_B=0.2038 grad_norm_G=33.2644 grad_norm_D=18.4009 lr=0.0002 epoch_time_sec=335.1910 train_images_per_sec=8.9501
