[2026-10-01 00:21:09] START run_id=smoke_cyclegan_nikhil_B_20261001-0021 config=task3_gan\member_nikhil\src\configs\smoke_B.yaml device=cuda hardware=NVIDIA GeForce RTX 5090
[2026-10-01 00:21:09] config: {"run_name": "smoke_cyclegan_nikhil_B", "seed": 7, "device": "auto", "write_metrics_report": false, "log_every": 5, "data": {"root": "task3_gan/data", "monet_dir": "monet_jpg", "photo_dir": "photo_jpg", "image_size": 128, "load_size": 143, "monet_holdout": 0, "photo_holdout": 8, "epoch_size": null, "max_images": 24}, "model": {"ngf": 32, "n_blocks": 9, "ndf": 64}, "train": {"batch_size": 1, "num_workers": 0, "lr": 0.0002, "betas": [0.5, 0.999], "epochs_constant": 1, "epochs_decay": 1, "lambda_cycle": 10, "lambda_identity": 5, "pool_size": 50, "checkpoint_every": 1}, "eval": {"batch_size": 32, "kid_subset_size": 8, "prdc_k": 3, "audit_samples": 6, "save_predictions": false, "make_submission": true}, "submission": {"infer_size": 256, "output_size": 256, "zip_name": "smoke_images.zip"}}
[2026-10-01 00:21:10] data: monet train/eval=24/24 photo train/eval=16/8
[2026-10-01 00:21:10] params: {'G_AB': 2850563, 'G_BA': 2850563, 'D_A': 2764737, 'D_B': 2764737} total=11,230,600
[2026-10-01 00:21:11] epoch 1 iter 5/24 G_total=19.1994 G_adv_A2B=1.9429 G_adv_B2A=2.0839 cycle_A=0.5015 cycle_B=0.5144 identity_A=0.4969 identity_B=0.5057 D_A=2.9440 D_B=3.1625 grad_norm_G=206.0110 grad_norm_D=106.6107
[2026-10-01 00:21:12] epoch 1 iter 10/24 G_total=16.3086 G_adv_A2B=1.8755 G_adv_B2A=1.4661 cycle_A=0.4272 cycle_B=0.4463 identity_A=0.4195 identity_B=0.4269 D_A=1.6544 D_B=2.5239 grad_norm_G=183.2542 grad_norm_D=82.0169
[2026-10-01 00:21:12] epoch 1 iter 15/24 G_total=14.2647 G_adv_A2B=1.3108 G_adv_B2A=1.8581 cycle_A=0.3137 cycle_B=0.4337 identity_A=0.2996 identity_B=0.4248 D_A=1.4797 D_B=1.1824 grad_norm_G=143.2859 grad_norm_D=45.5990
[2026-10-01 00:21:13] epoch 1 iter 20/24 G_total=12.8616 G_adv_A2B=1.0749 G_adv_B2A=1.6842 cycle_A=0.3514 cycle_B=0.3250 identity_A=0.3423 identity_B=0.3254 D_A=1.7462 D_B=0.8892 grad_norm_G=99.3155 grad_norm_D=73.3409
[2026-10-01 00:21:13] epoch_summary epoch=1 G_total=17.2109 G_adv_A2B=1.8585 G_adv_B2A=2.1261 cycle_A=0.4322 cycle_B=0.4543 identity_A=0.4278 identity_B=0.4445 D_A=2.2466 D_B=2.2341 grad_norm_G=174.5329 grad_norm_D=90.0380 lr=0.0002 epoch_time_sec=3.1836 train_images_per_sec=15.0774
[2026-10-01 00:21:13] checkpoint -> task3_gan\member_nikhil\checkpoints\smoke_cyclegan_nikhil_B_20261001-0021_epoch001.pt
[2026-10-01 00:21:14] epoch 2 iter 5/24 G_total=13.0600 G_adv_A2B=1.0958 G_adv_B2A=1.2512 cycle_A=0.4328 cycle_B=0.2847 identity_A=0.4117 identity_B=0.2959 D_A=0.7800 D_B=1.4122 grad_norm_G=85.2913 grad_norm_D=58.3635
[2026-10-01 00:21:14] epoch 2 iter 10/24 G_total=11.7946 G_adv_A2B=0.7465 G_adv_B2A=1.2901 cycle_A=0.3053 cycle_B=0.3709 identity_A=0.2897 identity_B=0.3095 D_A=0.9363 D_B=0.9571 grad_norm_G=86.6777 grad_norm_D=49.7215
[2026-10-01 00:21:15] epoch 2 iter 15/24 G_total=13.2674 G_adv_A2B=0.9540 G_adv_B2A=1.5667 cycle_A=0.3978 cycle_B=0.3323 identity_A=0.3857 identity_B=0.3036 D_A=1.0171 D_B=0.7059 grad_norm_G=115.3929 grad_norm_D=42.4545
[2026-10-01 00:21:15] epoch 2 iter 20/24 G_total=9.3432 G_adv_A2B=0.6702 G_adv_B2A=0.6201 cycle_A=0.2242 cycle_B=0.3056 identity_A=0.2367 identity_B=0.3144 D_A=0.6048 D_B=0.4770 grad_norm_G=52.5544 grad_norm_D=17.8044
[2026-10-01 00:21:16] epoch_summary epoch=2 G_total=13.1540 G_adv_A2B=1.1935 G_adv_B2A=1.0546 cycle_A=0.3521 cycle_B=0.3813 identity_A=0.3440 identity_B=0.3703 D_A=0.8656 D_B=1.1474 grad_norm_G=85.8314 grad_norm_D=46.5697 lr=0.0001 epoch_time_sec=2.3237 train_images_per_sec=20.6570
[2026-10-01 00:21:16] checkpoint -> task3_gan\member_nikhil\checkpoints\smoke_cyclegan_nikhil_B_20261001-0021_epoch002.pt
[2026-10-01 00:21:17] training done: {"parameter_count": {"G_AB": 2850563, "G_BA": 2850563, "D_A": 2764737, "D_B": 2764737}, "train_time_sec": 5.507230799994431, "nan_inf_steps": 0, "train_images_per_sec": 17.86723372480639, "peak_accelerator_mem_mb": 463.3, "peak_process_rss_mb": 1480.2, "hardware": "NVIDIA GeForce RTX 5090"}
[2026-10-01 00:21:19] eval: task3_gan\member_nikhil\checkpoints\smoke_cyclegan_nikhil_B_20261001-0021_epoch002.pt on monet=24 photo=8
[2026-10-01 00:21:51] eval A2B: FID=413.2064 KID_mean=0.2790 KID_std=0.0134 gen_precision=0.0833 gen_recall=0.0000 gen_density=0.0417 gen_coverage=0.3750 cycle_reconstruction_L1=0.1611 LPIPS_input_vs_translation=0.8834 LPIPS_input_vs_reconstruction=0.8991 content_cosine_input_vs_translation=0.4454 inference_images_per_sec=1162.3233 n_translated=24 n_reference=8
[2026-10-01 00:22:13] eval B2A: FID=463.3498 KID_mean=0.3771 KID_std=0.0192 gen_precision=0.0000 gen_recall=0.0000 gen_density=0.0000 gen_coverage=0.0000 cycle_reconstruction_L1=0.1610 LPIPS_input_vs_translation=0.9206 LPIPS_input_vs_reconstruction=0.9115 content_cosine_input_vs_translation=0.4186 inference_images_per_sec=1347.8224 n_translated=8 n_reference=24
[2026-10-01 00:22:43] eval done -> task3_gan\member_nikhil\outputs\smoke_cyclegan_nikhil_B_20261001-0021\full_metrics_report.csv; human audit sheet -> task3_gan\member_nikhil\outputs\smoke_cyclegan_nikhil_B_20261001-0021\human_audit
[2026-10-01 00:22:43] submission: 24 images -> task3_gan\member_nikhil\smoke_images.zip
[2026-10-01 00:22:43] done: outputs -> task3_gan\member_nikhil\outputs\smoke_cyclegan_nikhil_B_20261001-0021
