[2026-09-29 20:39:03] START run_id=cyclegan_nikhil_r6c64_20260929-2039 config=task3_gan\member_nikhil\src\configs\cyclegan_nikhil.yaml device=cuda hardware=NVIDIA GeForce RTX 5090
[2026-09-29 20:39:03] config: {"run_name": "cyclegan_nikhil_r6c64", "seed": 7, "device": "auto", "write_metrics_report": true, "log_every": 500, "data": {"root": "task3_gan/data", "monet_dir": "monet_jpg", "photo_dir": "photo_jpg", "image_size": 128, "load_size": 143, "monet_holdout": 0, "photo_holdout": 1000, "epoch_size": null, "max_images": null}, "model": {"ngf": 64, "n_blocks": 6, "ndf": 64}, "train": {"batch_size": 2, "num_workers": 4, "lr": 0.0002, "betas": [0.5, 0.999], "epochs_constant": 25, "epochs_decay": 25, "lambda_cycle": 10, "lambda_identity": 5, "pool_size": 50, "checkpoint_every": 5}, "eval": {"batch_size": 32, "kid_subset_size": 1000, "prdc_k": 5, "audit_samples": 30, "save_predictions": true, "make_submission": true}, "submission": {"infer_size": 256, "output_size": 256, "zip_name": "images.zip"}}
[2026-09-29 20:39:03] data: monet train/eval=300/300 photo train/eval=6038/1000
[2026-09-29 20:39:03] params: {'G_AB': 7837699, 'G_BA': 7837699, 'D_A': 2764737, 'D_B': 2764737} total=21,204,872
[2026-09-29 20:39:47] epoch 1 iter 500/3019 G_total=8.9586 G_adv_A2B=0.3536 G_adv_B2A=0.2426 cycle_A=0.1875 cycle_B=0.3885 identity_A=0.1644 identity_B=0.3561 D_A=0.3202 D_B=0.2401 grad_norm_G=58.5443 grad_norm_D=18.3483
[2026-09-29 20:40:17] epoch 1 iter 1000/3019 G_total=7.1029 G_adv_A2B=0.3544 G_adv_B2A=0.5039 cycle_A=0.1471 cycle_B=0.2630 identity_A=0.1398 identity_B=0.2889 D_A=0.4194 D_B=0.2339 grad_norm_G=51.3769 grad_norm_D=29.4579
[2026-09-29 20:40:48] epoch 1 iter 1500/3019 G_total=6.6126 G_adv_A2B=0.3073 G_adv_B2A=0.4747 cycle_A=0.2121 cycle_B=0.1803 identity_A=0.2112 identity_B=0.1702 D_A=0.1363 D_B=0.3571 grad_norm_G=38.1723 grad_norm_D=13.1044
[2026-09-29 20:41:18] epoch 1 iter 2000/3019 G_total=6.3317 G_adv_A2B=0.5002 G_adv_B2A=0.3260 cycle_A=0.1652 cycle_B=0.2178 identity_A=0.1636 identity_B=0.1715 D_A=0.1756 D_B=0.1953 grad_norm_G=37.0169 grad_norm_D=18.7958
[2026-09-29 20:41:50] epoch 1 iter 2500/3019 G_total=7.4848 G_adv_A2B=0.8666 G_adv_B2A=0.5028 cycle_A=0.2243 cycle_B=0.1937 identity_A=0.2088 identity_B=0.1783 D_A=0.1173 D_B=0.3387 grad_norm_G=32.4345 grad_norm_D=24.2950
[2026-09-29 20:42:19] epoch 1 iter 3000/3019 G_total=5.4228 G_adv_A2B=0.5421 G_adv_B2A=0.4461 cycle_A=0.1871 cycle_B=0.1058 identity_A=0.1893 identity_B=0.1119 D_A=0.1602 D_B=0.2401 grad_norm_G=17.5556 grad_norm_D=19.3405
[2026-09-29 20:42:20] epoch_summary epoch=1 G_total=7.8364 G_adv_A2B=0.4512 G_adv_B2A=0.4471 cycle_A=0.2312 cycle_B=0.2436 identity_A=0.2170 identity_B=0.2209 D_A=0.2501 D_B=0.2472 grad_norm_G=45.4905 grad_norm_D=18.9388 lr=0.0002 epoch_time_sec=197.6749 train_images_per_sec=61.0902
[2026-09-29 20:42:51] epoch 2 iter 500/3019 G_total=7.8434 G_adv_A2B=0.3294 G_adv_B2A=0.8259 cycle_A=0.1676 cycle_B=0.2842 identity_A=0.1691 identity_B=0.2649 D_A=0.2189 D_B=0.1872 grad_norm_G=36.7197 grad_norm_D=16.8962
[2026-09-29 20:43:22] epoch 2 iter 1000/3019 G_total=5.4145 G_adv_A2B=0.2890 G_adv_B2A=0.1912 cycle_A=0.1781 cycle_B=0.1605 identity_A=0.1772 identity_B=0.1325 D_A=0.1961 D_B=0.1790 grad_norm_G=26.0308 grad_norm_D=10.4310
[2026-09-29 20:43:53] epoch 2 iter 1500/3019 G_total=8.5865 G_adv_A2B=0.2435 G_adv_B2A=0.4327 cycle_A=0.3977 cycle_B=0.1536 identity_A=0.3510 identity_B=0.1285 D_A=0.1178 D_B=0.1304 grad_norm_G=40.3251 grad_norm_D=7.3321
[2026-09-29 20:44:24] epoch 2 iter 2000/3019 G_total=6.9598 G_adv_A2B=0.4483 G_adv_B2A=0.5015 cycle_A=0.2150 cycle_B=0.2029 identity_A=0.1886 identity_B=0.1775 D_A=0.3712 D_B=0.2931 grad_norm_G=40.1997 grad_norm_D=14.7787
[2026-09-29 20:44:53] epoch 2 iter 2500/3019 G_total=6.0844 G_adv_A2B=0.2430 G_adv_B2A=0.3653 cycle_A=0.1874 cycle_B=0.2050 identity_A=0.1717 identity_B=0.1388 D_A=0.2690 D_B=0.1443 grad_norm_G=32.3342 grad_norm_D=8.8712
[2026-09-29 20:45:25] epoch 2 iter 3000/3019 G_total=7.2239 G_adv_A2B=0.2978 G_adv_B2A=1.0861 cycle_A=0.2032 cycle_B=0.1954 identity_A=0.1972 identity_B=0.1737 D_A=0.1641 D_B=0.1596 grad_norm_G=37.8380 grad_norm_D=18.8292
[2026-09-29 20:45:26] epoch_summary epoch=2 G_total=6.3976 G_adv_A2B=0.4116 G_adv_B2A=0.4103 cycle_A=0.1866 cycle_B=0.1945 identity_A=0.1776 identity_B=0.1753 D_A=0.2080 D_B=0.2113 grad_norm_G=35.3504 grad_norm_D=16.4460 lr=0.0002 epoch_time_sec=185.2154 train_images_per_sec=65.1998
[2026-09-29 20:45:56] epoch 3 iter 500/3019 G_total=6.1973 G_adv_A2B=0.3174 G_adv_B2A=0.4658 cycle_A=0.2278 cycle_B=0.1454 identity_A=0.2092 identity_B=0.1272 D_A=0.1234 D_B=0.1719 grad_norm_G=36.3123 grad_norm_D=9.3571
[2026-09-29 20:46:27] epoch 3 iter 1000/3019 G_total=4.9184 G_adv_A2B=0.1596 G_adv_B2A=0.4017 cycle_A=0.1309 cycle_B=0.1603 identity_A=0.1483 identity_B=0.1407 D_A=0.3819 D_B=0.1939 grad_norm_G=32.6395 grad_norm_D=15.2140
[2026-09-29 20:46:58] epoch 3 iter 1500/3019 G_total=5.3639 G_adv_A2B=0.5973 G_adv_B2A=0.2245 cycle_A=0.1396 cycle_B=0.1795 identity_A=0.1497 identity_B=0.1205 D_A=0.2905 D_B=0.3099 grad_norm_G=36.1790 grad_norm_D=17.7887
[2026-09-29 20:47:27] epoch 3 iter 2000/3019 G_total=6.1184 G_adv_A2B=0.4964 G_adv_B2A=0.2060 cycle_A=0.2006 cycle_B=0.1538 identity_A=0.2052 identity_B=0.1692 D_A=0.1434 D_B=0.1531 grad_norm_G=22.6026 grad_norm_D=9.5264
[2026-09-29 20:47:56] epoch 3 iter 2500/3019 G_total=3.8798 G_adv_A2B=0.2161 G_adv_B2A=0.1990 cycle_A=0.1289 cycle_B=0.1103 identity_A=0.1221 identity_B=0.0925 D_A=0.1445 D_B=0.2037 grad_norm_G=24.9967 grad_norm_D=19.0768
[2026-09-29 20:48:27] epoch 3 iter 3000/3019 G_total=4.5590 G_adv_A2B=0.2003 G_adv_B2A=0.5421 cycle_A=0.1223 cycle_B=0.1319 identity_A=0.1209 identity_B=0.1340 D_A=0.2437 D_B=0.1812 grad_norm_G=16.2341 grad_norm_D=12.9221
[2026-09-29 20:48:28] epoch_summary epoch=3 G_total=5.7834 G_adv_A2B=0.4178 G_adv_B2A=0.4147 cycle_A=0.1636 cycle_B=0.1751 identity_A=0.1564 identity_B=0.1565 D_A=0.2011 D_B=0.2037 grad_norm_G=32.3995 grad_norm_D=14.8124 lr=0.0002 epoch_time_sec=182.1960 train_images_per_sec=66.2803
[2026-09-29 20:48:58] epoch 4 iter 500/3019 G_total=4.6034 G_adv_A2B=0.3885 G_adv_B2A=0.2418 cycle_A=0.1281 cycle_B=0.1307 identity_A=0.1257 identity_B=0.1513 D_A=0.1853 D_B=0.1942 grad_norm_G=20.3924 grad_norm_D=9.0733
[2026-09-29 20:49:30] epoch 4 iter 1000/3019 G_total=4.6253 G_adv_A2B=0.6035 G_adv_B2A=0.3131 cycle_A=0.1297 cycle_B=0.1364 identity_A=0.1050 identity_B=0.1045 D_A=0.2285 D_B=0.1856 grad_norm_G=33.8548 grad_norm_D=11.0043
[2026-09-29 20:50:00] epoch 4 iter 1500/3019 G_total=4.4870 G_adv_A2B=0.2650 G_adv_B2A=0.9312 cycle_A=0.1190 cycle_B=0.1005 identity_A=0.1205 identity_B=0.0989 D_A=0.1625 D_B=0.1855 grad_norm_G=26.5674 grad_norm_D=12.3495
[2026-09-29 20:50:30] epoch 4 iter 2000/3019 G_total=3.9163 G_adv_A2B=0.1905 G_adv_B2A=0.1850 cycle_A=0.1045 cycle_B=0.1125 identity_A=0.1172 identity_B=0.1570 D_A=0.1516 D_B=0.3566 grad_norm_G=20.0176 grad_norm_D=6.1187
[2026-09-29 20:51:01] epoch 4 iter 2500/3019 G_total=5.3834 G_adv_A2B=0.1706 G_adv_B2A=1.0398 cycle_A=0.1136 cycle_B=0.1693 identity_A=0.1306 identity_B=0.1384 D_A=0.1618 D_B=0.2015 grad_norm_G=29.1040 grad_norm_D=18.5474
[2026-09-29 20:51:32] epoch 4 iter 3000/3019 G_total=6.5716 G_adv_A2B=0.6588 G_adv_B2A=0.3102 cycle_A=0.1581 cycle_B=0.2441 identity_A=0.1616 identity_B=0.1546 D_A=0.0960 D_B=0.1129 grad_norm_G=45.0063 grad_norm_D=13.9023
[2026-09-29 20:51:33] epoch_summary epoch=4 G_total=5.3076 G_adv_A2B=0.4209 G_adv_B2A=0.4108 cycle_A=0.1441 cycle_B=0.1622 identity_A=0.1380 identity_B=0.1447 D_A=0.1985 D_B=0.2021 grad_norm_G=30.6479 grad_norm_D=13.3844 lr=0.0002 epoch_time_sec=184.9141 train_images_per_sec=65.3060
[2026-09-29 20:52:03] epoch 5 iter 500/3019 G_total=4.7144 G_adv_A2B=0.3544 G_adv_B2A=0.3754 cycle_A=0.1365 cycle_B=0.1429 identity_A=0.0878 identity_B=0.1503 D_A=0.1113 D_B=0.1875 grad_norm_G=25.9563 grad_norm_D=4.8354
[2026-09-29 20:52:32] epoch 5 iter 1000/3019 G_total=5.3539 G_adv_A2B=0.1498 G_adv_B2A=0.4443 cycle_A=0.1817 cycle_B=0.1491 identity_A=0.1691 identity_B=0.1213 D_A=0.1897 D_B=0.2393 grad_norm_G=39.5198 grad_norm_D=18.8099
[2026-09-29 20:53:03] epoch 5 iter 1500/3019 G_total=4.8744 G_adv_A2B=0.2932 G_adv_B2A=0.2640 cycle_A=0.1485 cycle_B=0.1524 identity_A=0.1290 identity_B=0.1325 D_A=0.1182 D_B=0.1734 grad_norm_G=27.3981 grad_norm_D=8.4737
[2026-09-29 20:53:33] epoch 5 iter 2000/3019 G_total=5.0740 G_adv_A2B=0.3618 G_adv_B2A=0.4201 cycle_A=0.1274 cycle_B=0.1644 identity_A=0.1052 identity_B=0.1696 D_A=0.1931 D_B=0.2189 grad_norm_G=23.7111 grad_norm_D=7.2193
[2026-09-29 20:54:04] epoch 5 iter 2500/3019 G_total=4.0861 G_adv_A2B=0.1902 G_adv_B2A=0.3113 cycle_A=0.1114 cycle_B=0.1225 identity_A=0.1304 identity_B=0.1185 D_A=0.3175 D_B=0.1604 grad_norm_G=18.5380 grad_norm_D=11.2665
[2026-09-29 20:54:34] epoch 5 iter 3000/3019 G_total=4.9670 G_adv_A2B=0.1996 G_adv_B2A=0.4073 cycle_A=0.1381 cycle_B=0.1502 identity_A=0.1332 identity_B=0.1622 D_A=0.2948 D_B=0.2753 grad_norm_G=26.8377 grad_norm_D=12.8094
[2026-09-29 20:54:35] epoch_summary epoch=5 G_total=5.0370 G_adv_A2B=0.4276 G_adv_B2A=0.4217 cycle_A=0.1325 cycle_B=0.1537 identity_A=0.1269 identity_B=0.1382 D_A=0.1884 D_B=0.1964 grad_norm_G=29.1888 grad_norm_D=12.1479 lr=0.0002 epoch_time_sec=181.9785 train_images_per_sec=66.3595
[2026-09-29 20:54:35] checkpoint -> task3_gan\member_nikhil\checkpoints\cyclegan_nikhil_r6c64_20260929-2039_epoch005.pt
[2026-09-29 20:55:05] epoch 6 iter 500/3019 G_total=4.5925 G_adv_A2B=0.3528 G_adv_B2A=0.5993 cycle_A=0.1190 cycle_B=0.1275 identity_A=0.1073 identity_B=0.1278 D_A=0.0910 D_B=0.1715 grad_norm_G=25.6438 grad_norm_D=7.7251
[2026-09-29 20:55:35] epoch 6 iter 1000/3019 G_total=6.0809 G_adv_A2B=0.5600 G_adv_B2A=0.6508 cycle_A=0.1503 cycle_B=0.1792 identity_A=0.1531 identity_B=0.1618 D_A=0.2417 D_B=0.1698 grad_norm_G=33.8314 grad_norm_D=12.4920
[2026-09-29 20:56:06] epoch 6 iter 1500/3019 G_total=4.8398 G_adv_A2B=0.7758 G_adv_B2A=0.3515 cycle_A=0.1155 cycle_B=0.1386 identity_A=0.1067 identity_B=0.1277 D_A=0.0871 D_B=0.2218 grad_norm_G=29.8480 grad_norm_D=12.0482
[2026-09-29 20:56:37] epoch 6 iter 2000/3019 G_total=5.5250 G_adv_A2B=0.2829 G_adv_B2A=0.6400 cycle_A=0.1279 cycle_B=0.1888 identity_A=0.1110 identity_B=0.1759 D_A=0.0796 D_B=0.1959 grad_norm_G=25.3705 grad_norm_D=7.9282
[2026-09-29 20:57:07] epoch 6 iter 2500/3019 G_total=4.5881 G_adv_A2B=0.8532 G_adv_B2A=0.4236 cycle_A=0.1189 cycle_B=0.0930 identity_A=0.1298 identity_B=0.1088 D_A=0.1498 D_B=0.1069 grad_norm_G=13.9471 grad_norm_D=7.8317
[2026-09-29 20:57:37] epoch 6 iter 3000/3019 G_total=4.3595 G_adv_A2B=0.4278 G_adv_B2A=0.6050 cycle_A=0.0838 cycle_B=0.1471 identity_A=0.0944 identity_B=0.1091 D_A=0.1558 D_B=0.2454 grad_norm_G=25.8637 grad_norm_D=9.1065
[2026-09-29 20:57:38] epoch_summary epoch=6 G_total=4.8591 G_adv_A2B=0.4361 G_adv_B2A=0.4414 cycle_A=0.1235 cycle_B=0.1489 identity_A=0.1182 identity_B=0.1334 D_A=0.1772 D_B=0.1902 grad_norm_G=27.5693 grad_norm_D=11.2060 lr=0.0002 epoch_time_sec=183.0508 train_images_per_sec=65.9707
[2026-09-29 20:58:08] epoch 7 iter 500/3019 G_total=5.0278 G_adv_A2B=0.2491 G_adv_B2A=0.6720 cycle_A=0.1164 cycle_B=0.1243 identity_A=0.1368 identity_B=0.2030 D_A=0.3383 D_B=0.1715 grad_norm_G=33.6175 grad_norm_D=14.3175
[2026-09-29 20:58:39] epoch 7 iter 1000/3019 G_total=4.9701 G_adv_A2B=0.7246 G_adv_B2A=0.5183 cycle_A=0.1298 cycle_B=0.1278 identity_A=0.1152 identity_B=0.1151 D_A=0.0891 D_B=0.0871 grad_norm_G=20.6539 grad_norm_D=5.2882
[2026-09-29 20:59:09] epoch 7 iter 1500/3019 G_total=4.4269 G_adv_A2B=0.4660 G_adv_B2A=0.7201 cycle_A=0.1200 cycle_B=0.1064 identity_A=0.1115 identity_B=0.0839 D_A=0.1143 D_B=0.1115 grad_norm_G=18.5048 grad_norm_D=6.2512
[2026-09-29 20:59:39] epoch 7 iter 2000/3019 G_total=4.4747 G_adv_A2B=0.2988 G_adv_B2A=0.2229 cycle_A=0.1242 cycle_B=0.1364 identity_A=0.1621 identity_B=0.1073 D_A=0.1915 D_B=0.1824 grad_norm_G=23.7861 grad_norm_D=18.6030
[2026-09-29 21:00:10] epoch 7 iter 2500/3019 G_total=4.8152 G_adv_A2B=0.4130 G_adv_B2A=0.3732 cycle_A=0.0860 cycle_B=0.1873 identity_A=0.0864 identity_B=0.1727 D_A=0.2047 D_B=0.2061 grad_norm_G=25.3289 grad_norm_D=7.4280
[2026-09-29 21:00:41] epoch 7 iter 3000/3019 G_total=3.7456 G_adv_A2B=0.2571 G_adv_B2A=0.2586 cycle_A=0.1208 cycle_B=0.1036 identity_A=0.1002 identity_B=0.0968 D_A=0.2638 D_B=0.1799 grad_norm_G=24.9183 grad_norm_D=9.1490
[2026-09-29 21:00:42] epoch_summary epoch=7 G_total=4.7518 G_adv_A2B=0.4386 G_adv_B2A=0.4636 cycle_A=0.1180 cycle_B=0.1458 identity_A=0.1122 identity_B=0.1301 D_A=0.1693 D_B=0.1856 grad_norm_G=26.8630 grad_norm_D=10.6837 lr=0.0002 epoch_time_sec=183.2456 train_images_per_sec=65.9006
[2026-09-29 21:01:13] epoch 8 iter 500/3019 G_total=3.8148 G_adv_A2B=0.1459 G_adv_B2A=0.2093 cycle_A=0.1059 cycle_B=0.1358 identity_A=0.1140 identity_B=0.0945 D_A=0.3066 D_B=0.2751 grad_norm_G=23.3153 grad_norm_D=13.3694
[2026-09-29 21:01:43] epoch 8 iter 1000/3019 G_total=5.0226 G_adv_A2B=0.5568 G_adv_B2A=0.2891 cycle_A=0.0943 cycle_B=0.1912 identity_A=0.1063 identity_B=0.1578 D_A=0.1892 D_B=0.4142 grad_norm_G=34.0095 grad_norm_D=17.4650
[2026-09-29 21:02:12] epoch 8 iter 1500/3019 G_total=4.5503 G_adv_A2B=0.3853 G_adv_B2A=0.7341 cycle_A=0.1015 cycle_B=0.1340 identity_A=0.0836 identity_B=0.1315 D_A=0.1464 D_B=0.0558 grad_norm_G=27.6957 grad_norm_D=7.5788
[2026-09-29 21:02:43] epoch 8 iter 2000/3019 G_total=4.3272 G_adv_A2B=0.7949 G_adv_B2A=0.1875 cycle_A=0.0910 cycle_B=0.1309 identity_A=0.0965 identity_B=0.1287 D_A=0.2204 D_B=0.2465 grad_norm_G=16.4073 grad_norm_D=16.6929
[2026-09-29 21:03:14] epoch 8 iter 2500/3019 G_total=5.3838 G_adv_A2B=0.5286 G_adv_B2A=0.3082 cycle_A=0.1443 cycle_B=0.1623 identity_A=0.1598 identity_B=0.1363 D_A=0.0770 D_B=0.1201 grad_norm_G=36.0845 grad_norm_D=5.5345
[2026-09-29 21:03:45] epoch 8 iter 3000/3019 G_total=5.9701 G_adv_A2B=0.3374 G_adv_B2A=0.4909 cycle_A=0.1239 cycle_B=0.1939 identity_A=0.1114 identity_B=0.2814 D_A=0.1898 D_B=0.1150 grad_norm_G=22.2760 grad_norm_D=10.5154
[2026-09-29 21:03:46] epoch_summary epoch=8 G_total=4.6429 G_adv_A2B=0.4435 G_adv_B2A=0.4769 cycle_A=0.1125 cycle_B=0.1426 identity_A=0.1074 identity_B=0.1268 D_A=0.1647 D_B=0.1838 grad_norm_G=26.0327 grad_norm_D=10.1326 lr=0.0002 epoch_time_sec=184.2822 train_images_per_sec=65.5299
[2026-09-29 21:04:15] epoch 9 iter 500/3019 G_total=3.9440 G_adv_A2B=0.2205 G_adv_B2A=0.4621 cycle_A=0.1409 cycle_B=0.0938 identity_A=0.1084 identity_B=0.0745 D_A=0.2028 D_B=0.1802 grad_norm_G=24.8718 grad_norm_D=9.7889
[2026-09-29 21:04:44] epoch 9 iter 1000/3019 G_total=4.8404 G_adv_A2B=0.1459 G_adv_B2A=0.1450 cycle_A=0.1296 cycle_B=0.1887 identity_A=0.0966 identity_B=0.1766 D_A=0.1666 D_B=0.3496 grad_norm_G=23.4928 grad_norm_D=16.7271
[2026-09-29 21:05:15] epoch 9 iter 1500/3019 G_total=4.8330 G_adv_A2B=0.4325 G_adv_B2A=0.4115 cycle_A=0.1347 cycle_B=0.1393 identity_A=0.1176 identity_B=0.1320 D_A=0.1052 D_B=0.2573 grad_norm_G=23.6331 grad_norm_D=8.5550
[2026-09-29 21:05:46] epoch 9 iter 2000/3019 G_total=4.4660 G_adv_A2B=0.5642 G_adv_B2A=0.8234 cycle_A=0.1104 cycle_B=0.1030 identity_A=0.1021 identity_B=0.0868 D_A=0.1025 D_B=0.1013 grad_norm_G=24.8815 grad_norm_D=7.3392
[2026-09-29 21:06:17] epoch 9 iter 2500/3019 G_total=4.6684 G_adv_A2B=0.6246 G_adv_B2A=0.5620 cycle_A=0.1051 cycle_B=0.1436 identity_A=0.0891 identity_B=0.1099 D_A=0.0842 D_B=0.1574 grad_norm_G=28.5597 grad_norm_D=5.8097
[2026-09-29 21:06:47] epoch 9 iter 3000/3019 G_total=5.5491 G_adv_A2B=0.8856 G_adv_B2A=0.4503 cycle_A=0.1097 cycle_B=0.1866 identity_A=0.0971 identity_B=0.1529 D_A=0.1072 D_B=0.2037 grad_norm_G=30.9850 grad_norm_D=15.1945
[2026-09-29 21:06:48] epoch_summary epoch=9 G_total=4.5620 G_adv_A2B=0.4573 G_adv_B2A=0.4992 cycle_A=0.1086 cycle_B=0.1389 identity_A=0.1030 identity_B=0.1230 D_A=0.1555 D_B=0.1783 grad_norm_G=25.3205 grad_norm_D=9.7976 lr=0.0002 epoch_time_sec=182.0164 train_images_per_sec=66.3457
[2026-09-29 21:07:17] epoch 10 iter 500/3019 G_total=4.9332 G_adv_A2B=0.2478 G_adv_B2A=0.2391 cycle_A=0.1668 cycle_B=0.1420 identity_A=0.1119 identity_B=0.1599 D_A=0.1996 D_B=0.1858 grad_norm_G=22.6829 grad_norm_D=11.2689
[2026-09-29 21:07:48] epoch 10 iter 1000/3019 G_total=5.1439 G_adv_A2B=0.3984 G_adv_B2A=0.8481 cycle_A=0.0859 cycle_B=0.1724 identity_A=0.0777 identity_B=0.1852 D_A=0.0926 D_B=0.1657 grad_norm_G=18.6812 grad_norm_D=10.3753
[2026-09-29 21:08:18] epoch 10 iter 1500/3019 G_total=6.3892 G_adv_A2B=0.4119 G_adv_B2A=0.4349 cycle_A=0.1156 cycle_B=0.2442 identity_A=0.1145 identity_B=0.2743 D_A=0.2364 D_B=0.2586 grad_norm_G=26.6658 grad_norm_D=11.3948
[2026-09-29 21:08:49] epoch 10 iter 2000/3019 G_total=4.2530 G_adv_A2B=0.4831 G_adv_B2A=0.5266 cycle_A=0.1066 cycle_B=0.1005 identity_A=0.1256 identity_B=0.1088 D_A=0.0879 D_B=0.1010 grad_norm_G=25.4031 grad_norm_D=5.8464
[2026-09-29 21:09:18] epoch 10 iter 2500/3019 G_total=4.8654 G_adv_A2B=0.4211 G_adv_B2A=0.6703 cycle_A=0.1053 cycle_B=0.1538 identity_A=0.0981 identity_B=0.1386 D_A=0.1787 D_B=0.2184 grad_norm_G=14.3042 grad_norm_D=8.1643
[2026-09-29 21:09:48] epoch 10 iter 3000/3019 G_total=4.3902 G_adv_A2B=0.3656 G_adv_B2A=0.7037 cycle_A=0.1184 cycle_B=0.1065 identity_A=0.1010 identity_B=0.1135 D_A=0.0717 D_B=0.2045 grad_norm_G=16.1250 grad_norm_D=8.0836
[2026-09-29 21:09:49] epoch_summary epoch=10 G_total=4.5396 G_adv_A2B=0.4604 G_adv_B2A=0.5272 cycle_A=0.1069 cycle_B=0.1373 identity_A=0.1006 identity_B=0.1213 D_A=0.1475 D_B=0.1778 grad_norm_G=25.0510 grad_norm_D=9.6056 lr=0.0002 epoch_time_sec=180.8707 train_images_per_sec=66.7659
[2026-09-29 21:09:49] checkpoint -> task3_gan\member_nikhil\checkpoints\cyclegan_nikhil_r6c64_20260929-2039_epoch010.pt
[2026-09-29 21:10:20] epoch 11 iter 500/3019 G_total=4.7674 G_adv_A2B=0.3292 G_adv_B2A=0.5299 cycle_A=0.1068 cycle_B=0.1715 identity_A=0.0893 identity_B=0.1357 D_A=0.1260 D_B=0.2083 grad_norm_G=34.6491 grad_norm_D=7.4755
[2026-09-29 21:10:50] epoch 11 iter 1000/3019 G_total=4.8928 G_adv_A2B=0.2155 G_adv_B2A=0.4686 cycle_A=0.1380 cycle_B=0.1492 identity_A=0.1178 identity_B=0.1496 D_A=0.2306 D_B=0.2332 grad_norm_G=32.8298 grad_norm_D=8.1213
[2026-09-29 21:11:22] epoch 11 iter 1500/3019 G_total=3.7988 G_adv_A2B=0.3750 G_adv_B2A=0.6574 cycle_A=0.0952 cycle_B=0.0931 identity_A=0.0846 identity_B=0.0922 D_A=0.1007 D_B=0.2307 grad_norm_G=12.7534 grad_norm_D=6.3983
[2026-09-29 21:11:52] epoch 11 iter 2000/3019 G_total=3.9715 G_adv_A2B=0.2589 G_adv_B2A=0.4084 cycle_A=0.0954 cycle_B=0.1359 identity_A=0.0838 identity_B=0.1144 D_A=0.1644 D_B=0.1858 grad_norm_G=23.0821 grad_norm_D=11.2418
[2026-09-29 21:12:21] epoch 11 iter 2500/3019 G_total=4.3045 G_adv_A2B=0.4928 G_adv_B2A=0.8129 cycle_A=0.0963 cycle_B=0.1091 identity_A=0.0895 identity_B=0.0994 D_A=0.1337 D_B=0.0921 grad_norm_G=19.8193 grad_norm_D=6.6227
[2026-09-29 21:12:52] epoch 11 iter 3000/3019 G_total=5.2766 G_adv_A2B=0.5053 G_adv_B2A=0.5186 cycle_A=0.0739 cycle_B=0.2252 identity_A=0.0786 identity_B=0.1738 D_A=0.1158 D_B=0.0864 grad_norm_G=19.9326 grad_norm_D=5.2384
[2026-09-29 21:12:53] epoch_summary epoch=11 G_total=4.4601 G_adv_A2B=0.4641 G_adv_B2A=0.5504 cycle_A=0.1036 cycle_B=0.1340 identity_A=0.0963 identity_B=0.1176 D_A=0.1413 D_B=0.1744 grad_norm_G=24.2086 grad_norm_D=9.2729 lr=0.0002 epoch_time_sec=183.5658 train_images_per_sec=65.7857
[2026-09-29 21:13:23] epoch 12 iter 500/3019 G_total=4.6707 G_adv_A2B=0.7311 G_adv_B2A=0.5962 cycle_A=0.1209 cycle_B=0.0936 identity_A=0.1278 identity_B=0.1119 D_A=0.0468 D_B=0.2348 grad_norm_G=17.8558 grad_norm_D=7.4354
[2026-09-29 21:13:54] epoch 12 iter 1000/3019 G_total=4.8559 G_adv_A2B=0.2883 G_adv_B2A=1.2234 cycle_A=0.1184 cycle_B=0.1077 identity_A=0.1036 identity_B=0.1131 D_A=0.0797 D_B=0.2244 grad_norm_G=26.1037 grad_norm_D=13.5941
[2026-09-29 21:14:23] epoch 12 iter 1500/3019 G_total=3.6875 G_adv_A2B=0.4190 G_adv_B2A=0.4132 cycle_A=0.1113 cycle_B=0.0768 identity_A=0.1225 identity_B=0.0725 D_A=0.1520 D_B=0.1566 grad_norm_G=17.9812 grad_norm_D=5.6470
[2026-09-29 21:14:54] epoch 12 iter 2000/3019 G_total=4.3004 G_adv_A2B=0.3786 G_adv_B2A=0.1324 cycle_A=0.0956 cycle_B=0.1814 identity_A=0.0908 identity_B=0.1129 D_A=0.1848 D_B=0.2021 grad_norm_G=27.4350 grad_norm_D=10.8687
[2026-09-29 21:15:24] epoch 12 iter 2500/3019 G_total=4.0730 G_adv_A2B=0.5556 G_adv_B2A=0.4982 cycle_A=0.0890 cycle_B=0.1013 identity_A=0.0875 identity_B=0.1358 D_A=0.1513 D_B=0.1024 grad_norm_G=19.4619 grad_norm_D=6.7488
[2026-09-29 21:15:55] epoch 12 iter 3000/3019 G_total=3.8802 G_adv_A2B=0.3619 G_adv_B2A=0.4302 cycle_A=0.0911 cycle_B=0.1105 identity_A=0.0783 identity_B=0.1361 D_A=0.2645 D_B=0.1970 grad_norm_G=17.6350 grad_norm_D=8.2106
[2026-09-29 21:15:56] epoch_summary epoch=12 G_total=4.4434 G_adv_A2B=0.4740 G_adv_B2A=0.5665 cycle_A=0.1019 cycle_B=0.1333 identity_A=0.0942 identity_B=0.1162 D_A=0.1342 D_B=0.1722 grad_norm_G=23.8441 grad_norm_D=9.1086 lr=0.0002 epoch_time_sec=182.8379 train_images_per_sec=66.0476
[2026-09-29 21:16:27] epoch 13 iter 500/3019 G_total=3.8176 G_adv_A2B=0.4116 G_adv_B2A=0.4492 cycle_A=0.0971 cycle_B=0.1045 identity_A=0.0869 identity_B=0.1013 D_A=0.1176 D_B=0.1201 grad_norm_G=19.9459 grad_norm_D=13.1057
[2026-09-29 21:16:56] epoch 13 iter 1000/3019 G_total=4.1528 G_adv_A2B=0.8286 G_adv_B2A=0.7210 cycle_A=0.0854 cycle_B=0.1020 identity_A=0.0620 identity_B=0.0837 D_A=0.0621 D_B=0.1636 grad_norm_G=18.1634 grad_norm_D=8.8649
[2026-09-29 21:17:27] epoch 13 iter 1500/3019 G_total=4.5269 G_adv_A2B=0.4710 G_adv_B2A=0.3809 cycle_A=0.1206 cycle_B=0.1381 identity_A=0.0931 identity_B=0.1246 D_A=0.1246 D_B=0.1194 grad_norm_G=22.5700 grad_norm_D=8.1012
[2026-09-29 21:17:57] epoch 13 iter 2000/3019 G_total=4.9938 G_adv_A2B=0.7164 G_adv_B2A=1.0527 cycle_A=0.0852 cycle_B=0.1382 identity_A=0.0659 identity_B=0.1324 D_A=0.0646 D_B=0.1815 grad_norm_G=31.5036 grad_norm_D=5.9996
[2026-09-29 21:18:27] epoch 13 iter 2500/3019 G_total=4.2279 G_adv_A2B=0.5045 G_adv_B2A=0.8168 cycle_A=0.0992 cycle_B=0.1023 identity_A=0.0993 identity_B=0.0789 D_A=0.0789 D_B=0.1628 grad_norm_G=20.3687 grad_norm_D=9.6837
[2026-09-29 21:18:59] epoch 13 iter 3000/3019 G_total=4.1174 G_adv_A2B=0.2055 G_adv_B2A=0.5551 cycle_A=0.0913 cycle_B=0.1480 identity_A=0.0766 identity_B=0.1162 D_A=0.1722 D_B=0.1656 grad_norm_G=20.7060 grad_norm_D=8.7279
[2026-09-29 21:19:00] epoch_summary epoch=13 G_total=4.4011 G_adv_A2B=0.4732 G_adv_B2A=0.5954 cycle_A=0.1002 cycle_B=0.1307 identity_A=0.0915 identity_B=0.1133 D_A=0.1260 D_B=0.1710 grad_norm_G=23.4696 grad_norm_D=8.9242 lr=0.0002 epoch_time_sec=183.9689 train_images_per_sec=65.6415
[2026-09-29 21:19:29] epoch 14 iter 500/3019 G_total=4.0304 G_adv_A2B=0.4286 G_adv_B2A=0.5513 cycle_A=0.1007 cycle_B=0.1123 identity_A=0.0974 identity_B=0.0868 D_A=0.0707 D_B=0.1007 grad_norm_G=21.4108 grad_norm_D=8.9347
[2026-09-29 21:19:59] epoch 14 iter 1000/3019 G_total=4.0938 G_adv_A2B=0.3513 G_adv_B2A=0.7973 cycle_A=0.1167 cycle_B=0.0930 identity_A=0.0988 identity_B=0.0707 D_A=0.1409 D_B=0.1352 grad_norm_G=17.2852 grad_norm_D=9.6995
[2026-09-29 21:20:29] epoch 14 iter 1500/3019 G_total=3.9039 G_adv_A2B=0.1629 G_adv_B2A=0.4623 cycle_A=0.0938 cycle_B=0.1496 identity_A=0.0718 identity_B=0.0971 D_A=0.0986 D_B=0.2622 grad_norm_G=21.3074 grad_norm_D=13.5308
[2026-09-29 21:21:00] epoch 14 iter 2000/3019 G_total=5.0340 G_adv_A2B=0.3653 G_adv_B2A=0.6929 cycle_A=0.1129 cycle_B=0.1609 identity_A=0.0929 identity_B=0.1547 D_A=0.1196 D_B=0.1187 grad_norm_G=34.3625 grad_norm_D=4.9455
[2026-09-29 21:21:31] epoch 14 iter 2500/3019 G_total=3.9384 G_adv_A2B=0.6716 G_adv_B2A=0.8298 cycle_A=0.0673 cycle_B=0.0900 identity_A=0.0699 identity_B=0.1028 D_A=0.1620 D_B=0.0967 grad_norm_G=17.4731 grad_norm_D=8.6201
[2026-09-29 21:22:00] epoch 14 iter 3000/3019 G_total=4.7260 G_adv_A2B=0.7265 G_adv_B2A=0.4691 cycle_A=0.1096 cycle_B=0.1291 identity_A=0.0966 identity_B=0.1322 D_A=0.1205 D_B=0.2143 grad_norm_G=30.2761 grad_norm_D=9.3205
[2026-09-29 21:22:01] epoch_summary epoch=14 G_total=4.3837 G_adv_A2B=0.4799 G_adv_B2A=0.6152 cycle_A=0.0992 cycle_B=0.1294 identity_A=0.0894 identity_B=0.1112 D_A=0.1207 D_B=0.1675 grad_norm_G=23.2958 grad_norm_D=8.8022 lr=0.0002 epoch_time_sec=180.7970 train_images_per_sec=66.7931
[2026-09-29 21:22:31] epoch 15 iter 500/3019 G_total=3.8211 G_adv_A2B=0.2670 G_adv_B2A=0.7043 cycle_A=0.0891 cycle_B=0.1070 identity_A=0.0842 identity_B=0.0934 D_A=0.1397 D_B=0.1908 grad_norm_G=15.7921 grad_norm_D=11.1309
[2026-09-29 21:23:02] epoch 15 iter 1000/3019 G_total=4.2322 G_adv_A2B=0.5829 G_adv_B2A=0.3325 cycle_A=0.1029 cycle_B=0.1201 identity_A=0.0938 identity_B=0.1235 D_A=0.1685 D_B=0.1056 grad_norm_G=18.7823 grad_norm_D=4.6142
[2026-09-29 21:23:33] epoch 15 iter 1500/3019 G_total=3.8931 G_adv_A2B=0.2634 G_adv_B2A=0.6607 cycle_A=0.0991 cycle_B=0.0963 identity_A=0.1049 identity_B=0.0981 D_A=0.0541 D_B=0.3032 grad_norm_G=22.1498 grad_norm_D=13.5026
[2026-09-29 21:24:04] epoch 15 iter 2000/3019 G_total=5.0503 G_adv_A2B=0.4061 G_adv_B2A=0.9279 cycle_A=0.1285 cycle_B=0.1176 identity_A=0.1015 identity_B=0.1495 D_A=0.2082 D_B=0.1863 grad_norm_G=19.0803 grad_norm_D=14.9521
[2026-09-29 21:24:33] epoch 15 iter 2500/3019 G_total=3.9316 G_adv_A2B=0.3513 G_adv_B2A=0.5972 cycle_A=0.1054 cycle_B=0.1097 identity_A=0.0879 identity_B=0.0784 D_A=0.0678 D_B=0.1219 grad_norm_G=25.0470 grad_norm_D=4.9379
[2026-09-29 21:25:03] epoch 15 iter 3000/3019 G_total=3.5865 G_adv_A2B=0.1667 G_adv_B2A=0.4506 cycle_A=0.0908 cycle_B=0.1201 identity_A=0.0773 identity_B=0.0948 D_A=0.0833 D_B=0.3092 grad_norm_G=13.0483 grad_norm_D=10.3685
[2026-09-29 21:25:04] epoch_summary epoch=15 G_total=4.3476 G_adv_A2B=0.4865 G_adv_B2A=0.6356 cycle_A=0.0981 cycle_B=0.1264 identity_A=0.0875 identity_B=0.1086 D_A=0.1136 D_B=0.1671 grad_norm_G=22.7913 grad_norm_D=8.6672 lr=0.0002 epoch_time_sec=183.1893 train_images_per_sec=65.9209
[2026-09-29 21:25:04] checkpoint -> task3_gan\member_nikhil\checkpoints\cyclegan_nikhil_r6c64_20260929-2039_epoch015.pt
[2026-09-29 21:25:35] epoch 16 iter 500/3019 G_total=4.2113 G_adv_A2B=0.2953 G_adv_B2A=0.4923 cycle_A=0.0814 cycle_B=0.1464 identity_A=0.0838 identity_B=0.1454 D_A=0.0743 D_B=0.2160 grad_norm_G=26.3269 grad_norm_D=12.2982
[2026-09-29 21:26:06] epoch 16 iter 1000/3019 G_total=4.0197 G_adv_A2B=0.3921 G_adv_B2A=0.6865 cycle_A=0.0752 cycle_B=0.1150 identity_A=0.1005 identity_B=0.1073 D_A=0.0339 D_B=0.1514 grad_norm_G=16.8701 grad_norm_D=4.7460
[2026-09-29 21:26:36] epoch 16 iter 1500/3019 G_total=4.3980 G_adv_A2B=0.4368 G_adv_B2A=1.0831 cycle_A=0.1095 cycle_B=0.0963 identity_A=0.0779 identity_B=0.0860 D_A=0.1005 D_B=0.1037 grad_norm_G=22.3197 grad_norm_D=8.3204
[2026-09-29 21:27:07] epoch 16 iter 2000/3019 G_total=4.2723 G_adv_A2B=0.1347 G_adv_B2A=0.7606 cycle_A=0.1213 cycle_B=0.1212 identity_A=0.0925 identity_B=0.0981 D_A=0.0472 D_B=0.3652 grad_norm_G=24.1752 grad_norm_D=19.7021
[2026-09-29 21:27:36] epoch 16 iter 2500/3019 G_total=4.3718 G_adv_A2B=0.3916 G_adv_B2A=0.6297 cycle_A=0.1273 cycle_B=0.1134 identity_A=0.1024 identity_B=0.0863 D_A=0.1323 D_B=0.1350 grad_norm_G=16.3009 grad_norm_D=5.2058
[2026-09-29 21:28:08] epoch 16 iter 3000/3019 G_total=4.7595 G_adv_A2B=0.4304 G_adv_B2A=0.8283 cycle_A=0.1354 cycle_B=0.1171 identity_A=0.1019 identity_B=0.0932 D_A=0.1125 D_B=0.1411 grad_norm_G=26.0880 grad_norm_D=6.4604
[2026-09-29 21:28:09] epoch_summary epoch=16 G_total=4.3296 G_adv_A2B=0.4837 G_adv_B2A=0.6521 cycle_A=0.0969 cycle_B=0.1257 identity_A=0.0858 identity_B=0.1077 D_A=0.1083 D_B=0.1670 grad_norm_G=22.6710 grad_norm_D=8.4826 lr=0.0002 epoch_time_sec=184.5521 train_images_per_sec=65.4341
[2026-09-29 21:28:39] epoch 17 iter 500/3019 G_total=4.1242 G_adv_A2B=0.5447 G_adv_B2A=0.3156 cycle_A=0.0997 cycle_B=0.1405 identity_A=0.0894 identity_B=0.0830 D_A=0.0885 D_B=0.1601 grad_norm_G=28.7980 grad_norm_D=8.5838
[2026-09-29 21:29:10] epoch 17 iter 1000/3019 G_total=4.2222 G_adv_A2B=0.7334 G_adv_B2A=0.6718 cycle_A=0.0971 cycle_B=0.1074 identity_A=0.0734 identity_B=0.0810 D_A=0.0845 D_B=0.1861 grad_norm_G=26.9450 grad_norm_D=7.7720
[2026-09-29 21:29:40] epoch 17 iter 1500/3019 G_total=3.7753 G_adv_A2B=0.3527 G_adv_B2A=0.4358 cycle_A=0.0803 cycle_B=0.1405 identity_A=0.0695 identity_B=0.0862 D_A=0.1668 D_B=0.2372 grad_norm_G=26.9820 grad_norm_D=7.3818
[2026-09-29 21:30:10] epoch 17 iter 2000/3019 G_total=4.6585 G_adv_A2B=0.5000 G_adv_B2A=0.8393 cycle_A=0.1180 cycle_B=0.1109 identity_A=0.1118 identity_B=0.0943 D_A=0.0485 D_B=0.1448 grad_norm_G=22.2386 grad_norm_D=5.3798
[2026-09-29 21:30:42] epoch 17 iter 2500/3019 G_total=4.3565 G_adv_A2B=0.5688 G_adv_B2A=0.4622 cycle_A=0.1251 cycle_B=0.1146 identity_A=0.0947 identity_B=0.0909 D_A=0.1056 D_B=0.2453 grad_norm_G=14.9863 grad_norm_D=10.3246
[2026-09-29 21:31:11] epoch 17 iter 3000/3019 G_total=4.3928 G_adv_A2B=0.5084 G_adv_B2A=0.6747 cycle_A=0.0786 cycle_B=0.1473 identity_A=0.0735 identity_B=0.1166 D_A=0.0934 D_B=0.1314 grad_norm_G=27.4122 grad_norm_D=4.1010
[2026-09-29 21:31:12] epoch_summary epoch=17 G_total=4.3063 G_adv_A2B=0.4891 G_adv_B2A=0.6685 cycle_A=0.0959 cycle_B=0.1239 identity_A=0.0842 identity_B=0.1058 D_A=0.1044 D_B=0.1655 grad_norm_G=22.4836 grad_norm_D=8.4373 lr=0.0002 epoch_time_sec=183.7179 train_images_per_sec=65.7312
[2026-09-29 21:31:42] epoch 18 iter 500/3019 G_total=4.0644 G_adv_A2B=0.4054 G_adv_B2A=0.5241 cycle_A=0.1010 cycle_B=0.1129 identity_A=0.0769 identity_B=0.1223 D_A=0.0724 D_B=0.2006 grad_norm_G=24.7163 grad_norm_D=4.9472
[2026-09-29 21:32:13] epoch 18 iter 1000/3019 G_total=4.0431 G_adv_A2B=0.5023 G_adv_B2A=0.6207 cycle_A=0.1220 cycle_B=0.0858 identity_A=0.1017 identity_B=0.0669 D_A=0.0732 D_B=0.1525 grad_norm_G=15.2287 grad_norm_D=5.2463
[2026-09-29 21:32:43] epoch 18 iter 1500/3019 G_total=3.9345 G_adv_A2B=0.8900 G_adv_B2A=0.2765 cycle_A=0.0628 cycle_B=0.1341 identity_A=0.0704 identity_B=0.0895 D_A=0.0582 D_B=0.3051 grad_norm_G=28.2153 grad_norm_D=15.8546
[2026-09-29 21:33:14] epoch 18 iter 2000/3019 G_total=5.4117 G_adv_A2B=0.2000 G_adv_B2A=0.9655 cycle_A=0.0946 cycle_B=0.1960 identity_A=0.0909 identity_B=0.1771 D_A=0.0723 D_B=0.0915 grad_norm_G=30.9167 grad_norm_D=9.7078
[2026-09-29 21:33:44] epoch 18 iter 2500/3019 G_total=4.4420 G_adv_A2B=0.1248 G_adv_B2A=0.6528 cycle_A=0.1353 cycle_B=0.1488 identity_A=0.0754 identity_B=0.0892 D_A=0.0887 D_B=0.2281 grad_norm_G=28.0364 grad_norm_D=5.2292
[2026-09-29 21:34:14] epoch 18 iter 3000/3019 G_total=3.2048 G_adv_A2B=0.4367 G_adv_B2A=0.2149 cycle_A=0.0797 cycle_B=0.0971 identity_A=0.0746 identity_B=0.0825 D_A=0.1176 D_B=0.2718 grad_norm_G=16.7977 grad_norm_D=11.3950
[2026-09-29 21:34:15] epoch_summary epoch=18 G_total=4.2876 G_adv_A2B=0.4853 G_adv_B2A=0.6905 cycle_A=0.0950 cycle_B=0.1227 identity_A=0.0826 identity_B=0.1042 D_A=0.0986 D_B=0.1666 grad_norm_G=22.5590 grad_norm_D=8.3406 lr=0.0002 epoch_time_sec=182.6635 train_images_per_sec=66.1107
[2026-09-29 21:34:46] epoch 19 iter 500/3019 G_total=3.9877 G_adv_A2B=0.9215 G_adv_B2A=0.4324 cycle_A=0.0875 cycle_B=0.0930 identity_A=0.0950 identity_B=0.0708 D_A=0.0680 D_B=0.3058 grad_norm_G=25.9476 grad_norm_D=15.6793
[2026-09-29 21:35:16] epoch 19 iter 1000/3019 G_total=3.9962 G_adv_A2B=0.2086 G_adv_B2A=0.7855 cycle_A=0.1124 cycle_B=0.1075 identity_A=0.0913 identity_B=0.0691 D_A=0.1029 D_B=0.2465 grad_norm_G=20.7086 grad_norm_D=14.6216
[2026-09-29 21:35:47] epoch 19 iter 1500/3019 G_total=3.5265 G_adv_A2B=0.4933 G_adv_B2A=0.6470 cycle_A=0.0789 cycle_B=0.0859 identity_A=0.0645 identity_B=0.0831 D_A=0.0583 D_B=0.1428 grad_norm_G=15.7228 grad_norm_D=5.9531
[2026-09-29 21:36:17] epoch 19 iter 2000/3019 G_total=4.2511 G_adv_A2B=0.8838 G_adv_B2A=0.4560 cycle_A=0.0916 cycle_B=0.1137 identity_A=0.0693 identity_B=0.1024 D_A=0.1271 D_B=0.2545 grad_norm_G=20.6046 grad_norm_D=14.0141
[2026-09-29 21:36:45] epoch 19 iter 2500/3019 G_total=3.7006 G_adv_A2B=0.3342 G_adv_B2A=0.5460 cycle_A=0.1055 cycle_B=0.1003 identity_A=0.0694 identity_B=0.0832 D_A=0.0681 D_B=0.2302 grad_norm_G=27.7111 grad_norm_D=7.1498
[2026-09-29 21:37:16] epoch 19 iter 3000/3019 G_total=4.3396 G_adv_A2B=0.4744 G_adv_B2A=0.6894 cycle_A=0.1126 cycle_B=0.1126 identity_A=0.0889 identity_B=0.0958 D_A=0.0581 D_B=0.1072 grad_norm_G=20.8519 grad_norm_D=3.6330
[2026-09-29 21:37:17] epoch_summary epoch=19 G_total=4.2713 G_adv_A2B=0.4815 G_adv_B2A=0.7004 cycle_A=0.0950 cycle_B=0.1219 identity_A=0.0810 identity_B=0.1032 D_A=0.0939 D_B=0.1665 grad_norm_G=22.7181 grad_norm_D=8.2375 lr=0.0002 epoch_time_sec=181.9636 train_images_per_sec=66.3649
[2026-09-29 21:37:47] epoch 20 iter 500/3019 G_total=3.9087 G_adv_A2B=0.4306 G_adv_B2A=0.7212 cycle_A=0.1066 cycle_B=0.0918 identity_A=0.0869 identity_B=0.0676 D_A=0.0609 D_B=0.1486 grad_norm_G=25.2299 grad_norm_D=5.0518
[2026-09-29 21:38:18] epoch 20 iter 1000/3019 G_total=4.1995 G_adv_A2B=0.2998 G_adv_B2A=1.2491 cycle_A=0.0754 cycle_B=0.1160 identity_A=0.0687 identity_B=0.0786 D_A=0.0881 D_B=0.2228 grad_norm_G=21.4294 grad_norm_D=16.1524
[2026-09-29 21:38:49] epoch 20 iter 1500/3019 G_total=4.1848 G_adv_A2B=0.7520 G_adv_B2A=0.7717 cycle_A=0.0700 cycle_B=0.1189 identity_A=0.0854 identity_B=0.0689 D_A=0.0757 D_B=0.1095 grad_norm_G=24.9479 grad_norm_D=5.5970
[2026-09-29 21:39:18] epoch 20 iter 2000/3019 G_total=4.1467 G_adv_A2B=0.8885 G_adv_B2A=0.5274 cycle_A=0.0822 cycle_B=0.1209 identity_A=0.0736 identity_B=0.0663 D_A=0.0462 D_B=0.1137 grad_norm_G=19.1860 grad_norm_D=6.6269
[2026-09-29 21:39:49] epoch 20 iter 2500/3019 G_total=4.1226 G_adv_A2B=0.2556 G_adv_B2A=0.9002 cycle_A=0.0879 cycle_B=0.1179 identity_A=0.0654 identity_B=0.1164 D_A=0.1080 D_B=0.1680 grad_norm_G=21.5913 grad_norm_D=17.1133
[2026-09-29 21:40:20] epoch 20 iter 3000/3019 G_total=4.2259 G_adv_A2B=0.2380 G_adv_B2A=0.8995 cycle_A=0.1030 cycle_B=0.1327 identity_A=0.0876 identity_B=0.0587 D_A=0.0494 D_B=0.3114 grad_norm_G=30.7005 grad_norm_D=14.5459
[2026-09-29 21:40:21] epoch_summary epoch=20 G_total=4.2588 G_adv_A2B=0.4853 G_adv_B2A=0.7157 cycle_A=0.0936 cycle_B=0.1210 identity_A=0.0800 identity_B=0.1024 D_A=0.0905 D_B=0.1655 grad_norm_G=22.5716 grad_norm_D=8.2398 lr=0.0002 epoch_time_sec=183.5494 train_images_per_sec=65.7915
[2026-09-29 21:40:21] checkpoint -> task3_gan\member_nikhil\checkpoints\cyclegan_nikhil_r6c64_20260929-2039_epoch020.pt
[2026-09-29 21:40:52] epoch 21 iter 500/3019 G_total=4.5698 G_adv_A2B=0.5932 G_adv_B2A=0.5073 cycle_A=0.1031 cycle_B=0.1255 identity_A=0.1079 identity_B=0.1287 D_A=0.0931 D_B=0.1305 grad_norm_G=20.8793 grad_norm_D=7.2726
[2026-09-29 21:41:21] epoch 21 iter 1000/3019 G_total=3.7563 G_adv_A2B=0.1753 G_adv_B2A=0.7245 cycle_A=0.0668 cycle_B=0.1374 identity_A=0.0605 identity_B=0.1024 D_A=0.0656 D_B=0.3116 grad_norm_G=27.5199 grad_norm_D=12.3090
[2026-09-29 21:41:52] epoch 21 iter 1500/3019 G_total=3.8563 G_adv_A2B=0.5352 G_adv_B2A=0.8103 cycle_A=0.0875 cycle_B=0.0964 identity_A=0.0789 identity_B=0.0554 D_A=0.1007 D_B=0.0855 grad_norm_G=27.0513 grad_norm_D=4.2694
[2026-09-29 21:42:22] epoch 21 iter 2000/3019 G_total=4.3534 G_adv_A2B=0.5799 G_adv_B2A=0.6351 cycle_A=0.0942 cycle_B=0.1127 identity_A=0.0768 identity_B=0.1370 D_A=0.0795 D_B=0.1564 grad_norm_G=21.5471 grad_norm_D=7.0638
[2026-09-29 21:42:53] epoch 21 iter 2500/3019 G_total=4.9914 G_adv_A2B=0.6353 G_adv_B2A=1.3480 cycle_A=0.0895 cycle_B=0.1313 identity_A=0.0651 identity_B=0.0948 D_A=0.1127 D_B=0.0912 grad_norm_G=15.8384 grad_norm_D=8.5367
[2026-09-29 21:43:24] epoch 21 iter 3000/3019 G_total=4.6032 G_adv_A2B=0.5474 G_adv_B2A=0.7130 cycle_A=0.0843 cycle_B=0.1550 identity_A=0.0813 identity_B=0.1086 D_A=0.0591 D_B=0.0812 grad_norm_G=32.1041 grad_norm_D=5.8674
[2026-09-29 21:43:26] epoch_summary epoch=21 G_total=4.1975 G_adv_A2B=0.4795 G_adv_B2A=0.7257 cycle_A=0.0927 cycle_B=0.1176 identity_A=0.0782 identity_B=0.0996 D_A=0.0869 D_B=0.1667 grad_norm_G=22.2054 grad_norm_D=8.0785 lr=0.0002 epoch_time_sec=184.4700 train_images_per_sec=65.4632
[2026-09-29 21:43:55] epoch 22 iter 500/3019 G_total=3.8079 G_adv_A2B=0.5470 G_adv_B2A=0.5177 cycle_A=0.0971 cycle_B=0.1036 identity_A=0.0625 identity_B=0.0848 D_A=0.0891 D_B=0.2788 grad_norm_G=17.1134 grad_norm_D=10.5579
[2026-09-29 21:44:26] epoch 22 iter 1000/3019 G_total=3.8863 G_adv_A2B=0.5360 G_adv_B2A=0.7001 cycle_A=0.0921 cycle_B=0.0942 identity_A=0.0785 identity_B=0.0789 D_A=0.0577 D_B=0.1253 grad_norm_G=15.2022 grad_norm_D=5.6807
[2026-09-29 21:44:56] epoch 22 iter 1500/3019 G_total=4.3487 G_adv_A2B=0.3154 G_adv_B2A=0.5690 cycle_A=0.1116 cycle_B=0.1356 identity_A=0.0743 identity_B=0.1241 D_A=0.0903 D_B=0.1976 grad_norm_G=23.1513 grad_norm_D=8.7581
[2026-09-29 21:45:27] epoch 22 iter 2000/3019 G_total=3.8974 G_adv_A2B=0.6133 G_adv_B2A=0.7325 cycle_A=0.0863 cycle_B=0.1057 identity_A=0.0684 identity_B=0.0580 D_A=0.0458 D_B=0.1930 grad_norm_G=17.5500 grad_norm_D=4.7514
[2026-09-29 21:45:57] epoch 22 iter 2500/3019 G_total=4.6344 G_adv_A2B=0.7509 G_adv_B2A=0.5722 cycle_A=0.1021 cycle_B=0.1323 identity_A=0.0986 identity_B=0.0948 D_A=0.0952 D_B=0.2304 grad_norm_G=28.2402 grad_norm_D=14.6837
[2026-09-29 21:46:25] epoch 22 iter 3000/3019 G_total=4.0891 G_adv_A2B=0.4247 G_adv_B2A=0.8952 cycle_A=0.0870 cycle_B=0.1091 identity_A=0.0753 identity_B=0.0864 D_A=0.1029 D_B=0.1798 grad_norm_G=23.6884 grad_norm_D=9.4302
[2026-09-29 21:46:27] epoch_summary epoch=22 G_total=4.2056 G_adv_A2B=0.4782 G_adv_B2A=0.7385 cycle_A=0.0926 cycle_B=0.1180 identity_A=0.0775 identity_B=0.0992 D_A=0.0834 D_B=0.1684 grad_norm_G=22.1040 grad_norm_D=7.9699 lr=0.0002 epoch_time_sec=180.9764 train_images_per_sec=66.7269
[2026-09-29 21:46:58] epoch 23 iter 500/3019 G_total=5.0291 G_adv_A2B=0.3688 G_adv_B2A=0.7034 cycle_A=0.0949 cycle_B=0.1788 identity_A=0.0879 identity_B=0.1561 D_A=0.0656 D_B=0.1808 grad_norm_G=21.9744 grad_norm_D=5.0605
[2026-09-29 21:47:28] epoch 23 iter 1000/3019 G_total=2.9600 G_adv_A2B=0.1249 G_adv_B2A=0.5150 cycle_A=0.0687 cycle_B=0.0858 identity_A=0.0734 identity_B=0.0816 D_A=0.0958 D_B=0.3312 grad_norm_G=17.4473 grad_norm_D=7.3989
[2026-09-29 21:47:58] epoch 23 iter 1500/3019 G_total=4.4932 G_adv_A2B=0.5478 G_adv_B2A=1.0599 cycle_A=0.0899 cycle_B=0.1240 identity_A=0.0708 identity_B=0.0785 D_A=0.0794 D_B=0.1040 grad_norm_G=23.0021 grad_norm_D=7.3222
[2026-09-29 21:48:29] epoch 23 iter 2000/3019 G_total=4.9383 G_adv_A2B=0.2450 G_adv_B2A=0.5796 cycle_A=0.0987 cycle_B=0.2024 identity_A=0.0980 identity_B=0.1226 D_A=0.0624 D_B=0.1627 grad_norm_G=34.3366 grad_norm_D=5.5476
[2026-09-29 21:48:58] epoch 23 iter 2500/3019 G_total=3.6801 G_adv_A2B=0.7741 G_adv_B2A=0.3608 cycle_A=0.0700 cycle_B=0.1018 identity_A=0.0580 identity_B=0.1075 D_A=0.1160 D_B=0.2233 grad_norm_G=12.6235 grad_norm_D=9.7312
[2026-09-29 21:49:29] epoch 23 iter 3000/3019 G_total=5.1755 G_adv_A2B=0.3255 G_adv_B2A=0.5116 cycle_A=0.1061 cycle_B=0.2203 identity_A=0.1022 identity_B=0.1127 D_A=0.1169 D_B=0.1375 grad_norm_G=50.3317 grad_norm_D=11.0737
[2026-09-29 21:49:30] epoch_summary epoch=23 G_total=4.1715 G_adv_A2B=0.4808 G_adv_B2A=0.7393 cycle_A=0.0923 cycle_B=0.1160 identity_A=0.0767 identity_B=0.0969 D_A=0.0811 D_B=0.1674 grad_norm_G=21.7419 grad_norm_D=7.9303 lr=0.0002 epoch_time_sec=183.4910 train_images_per_sec=65.8125
[2026-09-29 21:50:01] epoch 24 iter 500/3019 G_total=4.1392 G_adv_A2B=0.2226 G_adv_B2A=0.7294 cycle_A=0.1060 cycle_B=0.1242 identity_A=0.0965 identity_B=0.0806 D_A=0.0450 D_B=0.1486 grad_norm_G=18.9568 grad_norm_D=7.8258
[2026-09-29 21:50:31] epoch 24 iter 1000/3019 G_total=4.2392 G_adv_A2B=0.4205 G_adv_B2A=0.5038 cycle_A=0.0949 cycle_B=0.1369 identity_A=0.0731 identity_B=0.1262 D_A=0.0924 D_B=0.2220 grad_norm_G=18.6930 grad_norm_D=6.1299
[2026-09-29 21:51:02] epoch 24 iter 1500/3019 G_total=5.3970 G_adv_A2B=0.4082 G_adv_B2A=0.7615 cycle_A=0.1159 cycle_B=0.1823 identity_A=0.0978 identity_B=0.1513 D_A=0.0670 D_B=0.2496 grad_norm_G=26.2227 grad_norm_D=7.9586
[2026-09-29 21:51:32] epoch 24 iter 2000/3019 G_total=3.8553 G_adv_A2B=0.4026 G_adv_B2A=0.4326 cycle_A=0.0945 cycle_B=0.1271 identity_A=0.0749 identity_B=0.0860 D_A=0.0901 D_B=0.2405 grad_norm_G=20.1452 grad_norm_D=5.3612
[2026-09-29 21:52:02] epoch 24 iter 2500/3019 G_total=3.9170 G_adv_A2B=0.6776 G_adv_B2A=0.6735 cycle_A=0.0929 cycle_B=0.0910 identity_A=0.0792 identity_B=0.0661 D_A=0.1504 D_B=0.1633 grad_norm_G=31.7198 grad_norm_D=7.1395
[2026-09-29 21:52:33] epoch 24 iter 3000/3019 G_total=3.9796 G_adv_A2B=0.8205 G_adv_B2A=0.3575 cycle_A=0.0865 cycle_B=0.1061 identity_A=0.0770 identity_B=0.0981 D_A=0.0951 D_B=0.1495 grad_norm_G=25.8753 grad_norm_D=10.2134
[2026-09-29 21:52:34] epoch_summary epoch=24 G_total=4.1444 G_adv_A2B=0.4788 G_adv_B2A=0.7528 cycle_A=0.0914 cycle_B=0.1141 identity_A=0.0758 identity_B=0.0958 D_A=0.0791 D_B=0.1679 grad_norm_G=21.5896 grad_norm_D=7.8396 lr=0.0002 epoch_time_sec=183.5053 train_images_per_sec=65.8074
[2026-09-29 21:53:04] epoch 25 iter 500/3019 G_total=3.7323 G_adv_A2B=0.3800 G_adv_B2A=0.8039 cycle_A=0.0973 cycle_B=0.0847 identity_A=0.0809 identity_B=0.0647 D_A=0.0441 D_B=0.1539 grad_norm_G=23.2966 grad_norm_D=8.2667
[2026-09-29 21:53:35] epoch 25 iter 1000/3019 G_total=3.8311 G_adv_A2B=0.4070 G_adv_B2A=0.5898 cycle_A=0.0990 cycle_B=0.0912 identity_A=0.0818 identity_B=0.1048 D_A=0.0793 D_B=0.1556 grad_norm_G=15.4688 grad_norm_D=9.7824
[2026-09-29 21:54:04] epoch 25 iter 1500/3019 G_total=3.6599 G_adv_A2B=0.2558 G_adv_B2A=0.7971 cycle_A=0.0923 cycle_B=0.1018 identity_A=0.0691 identity_B=0.0641 D_A=0.0749 D_B=0.0991 grad_norm_G=18.3535 grad_norm_D=9.3421
[2026-09-29 21:54:35] epoch 25 iter 2000/3019 G_total=4.1675 G_adv_A2B=0.2611 G_adv_B2A=0.9454 cycle_A=0.0969 cycle_B=0.1096 identity_A=0.0597 identity_B=0.1196 D_A=0.0637 D_B=0.1262 grad_norm_G=14.0029 grad_norm_D=10.1401
[2026-09-29 21:55:05] epoch 25 iter 2500/3019 G_total=4.0327 G_adv_A2B=0.5613 G_adv_B2A=0.7627 cycle_A=0.0912 cycle_B=0.1039 identity_A=0.0746 identity_B=0.0770 D_A=0.0852 D_B=0.2055 grad_norm_G=18.4853 grad_norm_D=7.2174
[2026-09-29 21:55:36] epoch 25 iter 3000/3019 G_total=4.1204 G_adv_A2B=0.3068 G_adv_B2A=0.7666 cycle_A=0.1241 cycle_B=0.0967 identity_A=0.1094 identity_B=0.0585 D_A=0.0488 D_B=0.1443 grad_norm_G=22.9804 grad_norm_D=6.1456
[2026-09-29 21:55:37] epoch_summary epoch=25 G_total=4.1294 G_adv_A2B=0.4802 G_adv_B2A=0.7586 cycle_A=0.0906 cycle_B=0.1134 identity_A=0.0748 identity_B=0.0953 D_A=0.0768 D_B=0.1667 grad_norm_G=21.5831 grad_norm_D=7.7718 lr=0.0002 epoch_time_sec=183.6135 train_images_per_sec=65.7686
[2026-09-29 21:55:38] checkpoint -> task3_gan\member_nikhil\checkpoints\cyclegan_nikhil_r6c64_20260929-2039_epoch025.pt
[2026-09-29 21:56:09] epoch 26 iter 500/3019 G_total=5.3797 G_adv_A2B=0.5930 G_adv_B2A=0.8290 cycle_A=0.1082 cycle_B=0.1751 identity_A=0.0913 identity_B=0.1338 D_A=0.0792 D_B=0.1956 grad_norm_G=20.9099 grad_norm_D=4.4336
[2026-09-29 21:56:37] epoch 26 iter 1000/3019 G_total=4.6630 G_adv_A2B=0.3690 G_adv_B2A=0.9642 cycle_A=0.1129 cycle_B=0.1246 identity_A=0.0822 identity_B=0.1086 D_A=0.0404 D_B=0.1666 grad_norm_G=18.5223 grad_norm_D=5.1067
[2026-09-29 21:57:08] epoch 26 iter 1500/3019 G_total=4.5405 G_adv_A2B=0.4000 G_adv_B2A=0.7129 cycle_A=0.1041 cycle_B=0.1377 identity_A=0.0676 identity_B=0.1343 D_A=0.0677 D_B=0.1468 grad_norm_G=18.4123 grad_norm_D=7.3190
[2026-09-29 21:57:39] epoch 26 iter 2000/3019 G_total=5.8856 G_adv_A2B=0.3630 G_adv_B2A=0.6078 cycle_A=0.1237 cycle_B=0.2076 identity_A=0.0889 identity_B=0.2315 D_A=0.0628 D_B=0.1262 grad_norm_G=41.6615 grad_norm_D=9.6294
[2026-09-29 21:58:09] epoch 26 iter 2500/3019 G_total=5.2467 G_adv_A2B=0.7534 G_adv_B2A=1.1671 cycle_A=0.1140 cycle_B=0.1243 identity_A=0.0832 identity_B=0.1056 D_A=0.0350 D_B=0.0831 grad_norm_G=18.3677 grad_norm_D=6.4486
[2026-09-29 21:58:40] epoch 26 iter 3000/3019 G_total=3.9990 G_adv_A2B=0.7500 G_adv_B2A=0.5283 cycle_A=0.0869 cycle_B=0.1056 identity_A=0.0602 identity_B=0.0989 D_A=0.0854 D_B=0.1075 grad_norm_G=19.9296 grad_norm_D=8.3520
[2026-09-29 21:58:41] epoch_summary epoch=26 G_total=4.1095 G_adv_A2B=0.4779 G_adv_B2A=0.7727 cycle_A=0.0902 cycle_B=0.1120 identity_A=0.0737 identity_B=0.0936 D_A=0.0733 D_B=0.1667 grad_norm_G=21.5482 grad_norm_D=7.6821 lr=0.0002 epoch_time_sec=183.1137 train_images_per_sec=65.9481
[2026-09-29 21:59:10] epoch 27 iter 500/3019 G_total=4.1224 G_adv_A2B=0.5192 G_adv_B2A=1.2808 cycle_A=0.0826 cycle_B=0.0858 identity_A=0.0826 identity_B=0.0449 D_A=0.0442 D_B=0.0873 grad_norm_G=20.2032 grad_norm_D=6.4443
[2026-09-29 21:59:41] epoch 27 iter 1000/3019 G_total=4.3379 G_adv_A2B=0.3677 G_adv_B2A=0.7941 cycle_A=0.1222 cycle_B=0.1111 identity_A=0.0685 identity_B=0.1003 D_A=0.0646 D_B=0.1668 grad_norm_G=21.4346 grad_norm_D=5.4030
[2026-09-29 22:00:12] epoch 27 iter 1500/3019 G_total=3.5807 G_adv_A2B=0.3801 G_adv_B2A=0.4745 cycle_A=0.0885 cycle_B=0.1058 identity_A=0.0609 identity_B=0.0956 D_A=0.0892 D_B=0.1620 grad_norm_G=22.0710 grad_norm_D=5.4781
[2026-09-29 22:00:45] epoch 27 iter 2000/3019 G_total=3.9058 G_adv_A2B=0.3956 G_adv_B2A=0.5957 cycle_A=0.0964 cycle_B=0.1131 identity_A=0.1021 identity_B=0.0617 D_A=0.0460 D_B=0.1413 grad_norm_G=25.8446 grad_norm_D=3.8170
[2026-09-29 22:01:13] epoch 27 iter 2500/3019 G_total=3.6629 G_adv_A2B=0.6163 G_adv_B2A=0.6580 cycle_A=0.0878 cycle_B=0.0777 identity_A=0.0807 identity_B=0.0662 D_A=0.0482 D_B=0.1934 grad_norm_G=13.5259 grad_norm_D=5.1098
[2026-09-29 22:01:44] epoch 27 iter 3000/3019 G_total=4.0941 G_adv_A2B=0.5158 G_adv_B2A=0.8468 cycle_A=0.0852 cycle_B=0.1115 identity_A=0.0619 identity_B=0.0911 D_A=0.0245 D_B=0.1081 grad_norm_G=29.3434 grad_norm_D=3.7968
[2026-09-29 22:01:45] epoch_summary epoch=27 G_total=4.0916 G_adv_A2B=0.4768 G_adv_B2A=0.7834 cycle_A=0.0895 cycle_B=0.1109 identity_A=0.0723 identity_B=0.0932 D_A=0.0690 D_B=0.1658 grad_norm_G=21.5824 grad_norm_D=7.4861 lr=0.0002 epoch_time_sec=184.5796 train_images_per_sec=65.4244
[2026-09-29 22:02:15] epoch 28 iter 500/3019 G_total=3.9303 G_adv_A2B=0.2090 G_adv_B2A=0.8478 cycle_A=0.0773 cycle_B=0.1232 identity_A=0.0719 identity_B=0.1017 D_A=0.0405 D_B=0.2890 grad_norm_G=22.8542 grad_norm_D=6.2270
[2026-09-29 22:02:46] epoch 28 iter 1000/3019 G_total=3.1256 G_adv_A2B=0.2518 G_adv_B2A=1.0140 cycle_A=0.0594 cycle_B=0.0670 identity_A=0.0566 identity_B=0.0625 D_A=0.0696 D_B=0.1551 grad_norm_G=34.2491 grad_norm_D=10.9926
[2026-09-29 22:03:16] epoch 28 iter 1500/3019 G_total=4.0864 G_adv_A2B=0.7306 G_adv_B2A=0.8036 cycle_A=0.0813 cycle_B=0.0984 identity_A=0.0769 identity_B=0.0741 D_A=0.0586 D_B=0.1968 grad_norm_G=19.9601 grad_norm_D=6.3514
[2026-09-29 22:03:45] epoch 28 iter 2000/3019 G_total=3.7942 G_adv_A2B=0.4504 G_adv_B2A=0.9101 cycle_A=0.0903 cycle_B=0.0835 identity_A=0.0688 identity_B=0.0704 D_A=0.0378 D_B=0.1816 grad_norm_G=20.5730 grad_norm_D=6.0936
[2026-09-29 22:04:16] epoch 28 iter 2500/3019 G_total=4.0848 G_adv_A2B=0.3699 G_adv_B2A=1.1068 cycle_A=0.0894 cycle_B=0.1095 identity_A=0.0569 identity_B=0.0670 D_A=0.0462 D_B=0.1417 grad_norm_G=23.9487 grad_norm_D=5.6946
[2026-09-29 22:04:46] epoch 28 iter 3000/3019 G_total=3.5401 G_adv_A2B=0.7182 G_adv_B2A=0.4465 cycle_A=0.0869 cycle_B=0.0762 identity_A=0.0851 identity_B=0.0638 D_A=0.0547 D_B=0.1789 grad_norm_G=13.1137 grad_norm_D=10.2255
[2026-09-29 22:04:48] epoch_summary epoch=28 G_total=4.0552 G_adv_A2B=0.4765 G_adv_B2A=0.7962 cycle_A=0.0879 cycle_B=0.1093 identity_A=0.0706 identity_B=0.0915 D_A=0.0653 D_B=0.1655 grad_norm_G=21.2968 grad_norm_D=7.2942 lr=0.0002 epoch_time_sec=182.0948 train_images_per_sec=66.3171
[2026-09-29 22:05:18] epoch 29 iter 500/3019 G_total=4.0939 G_adv_A2B=0.2211 G_adv_B2A=1.2645 cycle_A=0.0962 cycle_B=0.0807 identity_A=0.0747 identity_B=0.0930 D_A=0.0516 D_B=0.0947 grad_norm_G=16.2592 grad_norm_D=7.4027
[2026-09-29 22:05:49] epoch 29 iter 1000/3019 G_total=3.0616 G_adv_A2B=0.3161 G_adv_B2A=0.6364 cycle_A=0.0787 cycle_B=0.0779 identity_A=0.0498 identity_B=0.0588 D_A=0.0510 D_B=0.1300 grad_norm_G=16.1715 grad_norm_D=5.7932
[2026-09-29 22:06:18] epoch 29 iter 1500/3019 G_total=5.9820 G_adv_A2B=0.4282 G_adv_B2A=1.3111 cycle_A=0.0897 cycle_B=0.1864 identity_A=0.0653 identity_B=0.2311 D_A=0.0694 D_B=0.0763 grad_norm_G=32.9796 grad_norm_D=9.5267
[2026-09-29 22:06:48] epoch 29 iter 2000/3019 G_total=5.8473 G_adv_A2B=0.5344 G_adv_B2A=0.8383 cycle_A=0.0894 cycle_B=0.2260 identity_A=0.0668 identity_B=0.1972 D_A=0.0390 D_B=0.1407 grad_norm_G=24.1481 grad_norm_D=5.8996
[2026-09-29 22:07:19] epoch 29 iter 2500/3019 G_total=3.1906 G_adv_A2B=0.4962 G_adv_B2A=0.4123 cycle_A=0.0723 cycle_B=0.0896 identity_A=0.0649 identity_B=0.0676 D_A=0.1392 D_B=0.1421 grad_norm_G=21.7828 grad_norm_D=11.2593
[2026-09-29 22:07:50] epoch 29 iter 3000/3019 G_total=3.5486 G_adv_A2B=0.5506 G_adv_B2A=0.9023 cycle_A=0.0673 cycle_B=0.0776 identity_A=0.0603 identity_B=0.0691 D_A=0.0332 D_B=0.1410 grad_norm_G=18.3777 grad_norm_D=5.7011
[2026-09-29 22:07:51] epoch_summary epoch=29 G_total=4.0022 G_adv_A2B=0.4768 G_adv_B2A=0.8031 cycle_A=0.0867 cycle_B=0.1063 identity_A=0.0695 identity_B=0.0891 D_A=0.0626 D_B=0.1646 grad_norm_G=21.4568 grad_norm_D=7.2939 lr=0.0002 epoch_time_sec=183.2819 train_images_per_sec=65.8876
[2026-09-29 22:08:21] epoch 30 iter 500/3019 G_total=4.3888 G_adv_A2B=0.1500 G_adv_B2A=1.1183 cycle_A=0.0888 cycle_B=0.1377 identity_A=0.0622 identity_B=0.1089 D_A=0.0853 D_B=0.2847 grad_norm_G=29.1728 grad_norm_D=13.8609
[2026-09-29 22:08:50] epoch 30 iter 1000/3019 G_total=4.4447 G_adv_A2B=0.3918 G_adv_B2A=0.9907 cycle_A=0.1031 cycle_B=0.1158 identity_A=0.0880 identity_B=0.0866 D_A=0.0389 D_B=0.2052 grad_norm_G=24.2061 grad_norm_D=4.8220
[2026-09-29 22:09:20] epoch 30 iter 1500/3019 G_total=4.3672 G_adv_A2B=0.6683 G_adv_B2A=1.1165 cycle_A=0.0777 cycle_B=0.1061 identity_A=0.0654 identity_B=0.0835 D_A=0.0519 D_B=0.1255 grad_norm_G=19.9237 grad_norm_D=5.0826
[2026-09-29 22:09:51] epoch 30 iter 2000/3019 G_total=3.8957 G_adv_A2B=0.5865 G_adv_B2A=0.5576 cycle_A=0.0861 cycle_B=0.1106 identity_A=0.0608 identity_B=0.0961 D_A=0.0481 D_B=0.1576 grad_norm_G=16.2037 grad_norm_D=5.9079
[2026-09-29 22:10:21] epoch 30 iter 2500/3019 G_total=3.4026 G_adv_A2B=0.3225 G_adv_B2A=0.7941 cycle_A=0.0700 cycle_B=0.0994 identity_A=0.0609 identity_B=0.0574 D_A=0.0391 D_B=0.1576 grad_norm_G=22.4290 grad_norm_D=7.4594
[2026-09-29 22:10:52] epoch 30 iter 3000/3019 G_total=4.2842 G_adv_A2B=0.5317 G_adv_B2A=0.8235 cycle_A=0.1139 cycle_B=0.1022 identity_A=0.0712 identity_B=0.0824 D_A=0.0502 D_B=0.1614 grad_norm_G=21.6734 grad_norm_D=4.1835
[2026-09-29 22:10:53] epoch_summary epoch=30 G_total=3.9855 G_adv_A2B=0.4807 G_adv_B2A=0.8130 cycle_A=0.0862 cycle_B=0.1050 identity_A=0.0684 identity_B=0.0875 D_A=0.0584 D_B=0.1612 grad_norm_G=21.4256 grad_norm_D=7.0867 lr=0.0002 epoch_time_sec=181.9631 train_images_per_sec=66.3651
[2026-09-29 22:10:53] checkpoint -> task3_gan\member_nikhil\checkpoints\cyclegan_nikhil_r6c64_20260929-2039_epoch030.pt
[2026-09-29 22:11:23] epoch 31 iter 500/3019 G_total=3.2867 G_adv_A2B=0.4627 G_adv_B2A=0.8128 cycle_A=0.0706 cycle_B=0.0743 identity_A=0.0561 identity_B=0.0564 D_A=0.0588 D_B=0.1610 grad_norm_G=15.5583 grad_norm_D=10.0396
[2026-09-29 22:11:54] epoch 31 iter 1000/3019 G_total=3.9557 G_adv_A2B=0.5504 G_adv_B2A=0.5691 cycle_A=0.1033 cycle_B=0.0954 identity_A=0.0878 identity_B=0.0819 D_A=0.0326 D_B=0.2533 grad_norm_G=14.8108 grad_norm_D=8.6264
[2026-09-29 22:12:25] epoch 31 iter 1500/3019 G_total=3.5024 G_adv_A2B=0.5543 G_adv_B2A=0.8039 cycle_A=0.0902 cycle_B=0.0625 identity_A=0.0750 identity_B=0.0485 D_A=0.0496 D_B=0.1684 grad_norm_G=12.7825 grad_norm_D=6.1561
[2026-09-29 22:12:55] epoch 31 iter 2000/3019 G_total=4.1466 G_adv_A2B=0.2413 G_adv_B2A=1.0077 cycle_A=0.0899 cycle_B=0.1210 identity_A=0.0571 identity_B=0.1007 D_A=0.0467 D_B=0.2156 grad_norm_G=29.6675 grad_norm_D=11.1972
[2026-09-29 22:13:26] epoch 31 iter 2500/3019 G_total=3.6364 G_adv_A2B=0.4724 G_adv_B2A=0.6445 cycle_A=0.0752 cycle_B=0.1170 identity_A=0.0687 identity_B=0.0509 D_A=0.0428 D_B=0.1259 grad_norm_G=25.5479 grad_norm_D=6.7222
[2026-09-29 22:13:55] epoch 31 iter 3000/3019 G_total=3.8286 G_adv_A2B=0.3291 G_adv_B2A=0.7606 cycle_A=0.0949 cycle_B=0.0814 identity_A=0.0740 identity_B=0.1211 D_A=0.0721 D_B=0.1731 grad_norm_G=14.7232 grad_norm_D=7.7018
[2026-09-29 22:13:56] epoch_summary epoch=31 G_total=3.9614 G_adv_A2B=0.4767 G_adv_B2A=0.8266 cycle_A=0.0854 cycle_B=0.1035 identity_A=0.0669 identity_B=0.0868 D_A=0.0560 D_B=0.1638 grad_norm_G=21.5369 grad_norm_D=7.0359 lr=0.0002 epoch_time_sec=182.7792 train_images_per_sec=66.0688
[2026-09-29 22:14:28] epoch 32 iter 500/3019 G_total=3.2899 G_adv_A2B=0.3767 G_adv_B2A=0.7552 cycle_A=0.0840 cycle_B=0.0721 identity_A=0.0635 identity_B=0.0557 D_A=0.0429 D_B=0.1921 grad_norm_G=12.1359 grad_norm_D=3.9333
[2026-09-29 22:14:59] epoch 32 iter 1000/3019 G_total=3.4301 G_adv_A2B=0.6072 G_adv_B2A=0.5476 cycle_A=0.0504 cycle_B=0.1069 identity_A=0.0452 identity_B=0.0952 D_A=0.0621 D_B=0.2241 grad_norm_G=16.6798 grad_norm_D=9.7745
[2026-09-29 22:15:29] epoch 32 iter 1500/3019 G_total=3.1692 G_adv_A2B=0.1701 G_adv_B2A=0.9070 cycle_A=0.0744 cycle_B=0.0707 identity_A=0.0625 identity_B=0.0656 D_A=0.0423 D_B=0.1944 grad_norm_G=16.2096 grad_norm_D=7.9681
[2026-09-29 22:15:59] epoch 32 iter 2000/3019 G_total=3.7410 G_adv_A2B=0.4557 G_adv_B2A=0.6012 cycle_A=0.0678 cycle_B=0.1279 identity_A=0.0717 identity_B=0.0736 D_A=0.0540 D_B=0.2801 grad_norm_G=35.9046 grad_norm_D=6.2287
[2026-09-29 22:16:29] epoch 32 iter 2500/3019 G_total=3.4266 G_adv_A2B=0.2766 G_adv_B2A=0.7764 cycle_A=0.0746 cycle_B=0.0956 identity_A=0.0592 identity_B=0.0753 D_A=0.0373 D_B=0.2055 grad_norm_G=20.0204 grad_norm_D=9.0819
[2026-09-29 22:16:59] epoch 32 iter 3000/3019 G_total=4.5562 G_adv_A2B=0.5256 G_adv_B2A=0.6876 cycle_A=0.0948 cycle_B=0.1310 identity_A=0.0710 identity_B=0.1460 D_A=0.0679 D_B=0.1035 grad_norm_G=29.0110 grad_norm_D=7.6172
[2026-09-29 22:17:01] epoch_summary epoch=32 G_total=3.9051 G_adv_A2B=0.4720 G_adv_B2A=0.8282 cycle_A=0.0847 cycle_B=0.1007 identity_A=0.0659 identity_B=0.0843 D_A=0.0541 D_B=0.1636 grad_norm_G=21.4497 grad_norm_D=6.8911 lr=0.0001 epoch_time_sec=184.6257 train_images_per_sec=65.4080
[2026-09-29 22:17:32] epoch 33 iter 500/3019 G_total=3.7540 G_adv_A2B=0.3337 G_adv_B2A=1.1669 cycle_A=0.0983 cycle_B=0.0684 identity_A=0.0694 identity_B=0.0479 D_A=0.0439 D_B=0.2088 grad_norm_G=13.3209 grad_norm_D=4.7847
[2026-09-29 22:18:00] epoch 33 iter 1000/3019 G_total=3.7172 G_adv_A2B=0.3108 G_adv_B2A=0.8687 cycle_A=0.0936 cycle_B=0.0809 identity_A=0.0718 identity_B=0.0866 D_A=0.0476 D_B=0.2333 grad_norm_G=16.3645 grad_norm_D=4.3754
[2026-09-29 22:18:30] epoch 33 iter 1500/3019 G_total=3.6104 G_adv_A2B=0.3704 G_adv_B2A=0.5712 cycle_A=0.0895 cycle_B=0.0966 identity_A=0.0744 identity_B=0.0870 D_A=0.0309 D_B=0.1625 grad_norm_G=23.7049 grad_norm_D=5.0672
[2026-09-29 22:19:00] epoch 33 iter 2000/3019 G_total=3.4766 G_adv_A2B=0.5392 G_adv_B2A=0.5905 cycle_A=0.0632 cycle_B=0.0943 identity_A=0.0707 identity_B=0.0836 D_A=0.0589 D_B=0.1260 grad_norm_G=23.4212 grad_norm_D=6.9480
[2026-09-29 22:19:30] epoch 33 iter 2500/3019 G_total=3.8755 G_adv_A2B=0.5032 G_adv_B2A=0.8000 cycle_A=0.0852 cycle_B=0.0910 identity_A=0.0845 identity_B=0.0775 D_A=0.0292 D_B=0.1068 grad_norm_G=18.6487 grad_norm_D=4.7679
[2026-09-29 22:20:01] epoch 33 iter 3000/3019 G_total=3.7555 G_adv_A2B=0.3206 G_adv_B2A=0.7760 cycle_A=0.0825 cycle_B=0.1090 identity_A=0.0564 identity_B=0.0923 D_A=0.0497 D_B=0.1008 grad_norm_G=20.8695 grad_norm_D=7.8025
[2026-09-29 22:20:02] epoch_summary epoch=33 G_total=3.8917 G_adv_A2B=0.4718 G_adv_B2A=0.8416 cycle_A=0.0841 cycle_B=0.0998 identity_A=0.0648 identity_B=0.0831 D_A=0.0509 D_B=0.1642 grad_norm_G=21.8851 grad_norm_D=6.7797 lr=0.0001 epoch_time_sec=181.5894 train_images_per_sec=66.5017
[2026-09-29 22:20:32] epoch 34 iter 500/3019 G_total=4.0211 G_adv_A2B=0.3652 G_adv_B2A=1.1590 cycle_A=0.0752 cycle_B=0.1067 identity_A=0.0668 identity_B=0.0689 D_A=0.0906 D_B=0.1424 grad_norm_G=25.3804 grad_norm_D=9.7767
[2026-09-29 22:21:02] epoch 34 iter 1000/3019 G_total=3.5133 G_adv_A2B=0.5142 G_adv_B2A=0.7237 cycle_A=0.0734 cycle_B=0.0864 identity_A=0.0623 identity_B=0.0731 D_A=0.0343 D_B=0.1504 grad_norm_G=21.9758 grad_norm_D=5.1667
[2026-09-29 22:21:33] epoch 34 iter 1500/3019 G_total=2.9555 G_adv_A2B=0.3375 G_adv_B2A=0.7058 cycle_A=0.0660 cycle_B=0.0733 identity_A=0.0470 identity_B=0.0568 D_A=0.0422 D_B=0.1628 grad_norm_G=14.4785 grad_norm_D=4.9207
[2026-09-29 22:22:03] epoch 34 iter 2000/3019 G_total=3.7286 G_adv_A2B=0.4171 G_adv_B2A=0.9346 cycle_A=0.0829 cycle_B=0.0947 identity_A=0.0560 identity_B=0.0641 D_A=0.0269 D_B=0.1700 grad_norm_G=20.8781 grad_norm_D=4.9077
[2026-09-29 22:22:35] epoch 34 iter 2500/3019 G_total=4.1596 G_adv_A2B=0.4174 G_adv_B2A=1.0083 cycle_A=0.1239 cycle_B=0.0796 identity_A=0.0866 identity_B=0.0531 D_A=0.0485 D_B=0.1527 grad_norm_G=23.3826 grad_norm_D=7.0677
[2026-09-29 22:23:04] epoch 34 iter 3000/3019 G_total=3.2129 G_adv_A2B=0.4601 G_adv_B2A=0.7436 cycle_A=0.0563 cycle_B=0.0925 identity_A=0.0462 identity_B=0.0580 D_A=0.0289 D_B=0.1246 grad_norm_G=23.0750 grad_norm_D=5.8309
[2026-09-29 22:23:05] epoch_summary epoch=34 G_total=3.8445 G_adv_A2B=0.4723 G_adv_B2A=0.8489 cycle_A=0.0829 cycle_B=0.0971 identity_A=0.0635 identity_B=0.0811 D_A=0.0477 D_B=0.1641 grad_norm_G=21.9437 grad_norm_D=6.7278 lr=0.0001 epoch_time_sec=182.9461 train_images_per_sec=66.0085
[2026-09-29 22:23:35] epoch 35 iter 500/3019 G_total=3.8366 G_adv_A2B=0.3979 G_adv_B2A=0.9855 cycle_A=0.0655 cycle_B=0.1080 identity_A=0.0544 identity_B=0.0890 D_A=0.0576 D_B=0.1781 grad_norm_G=22.1324 grad_norm_D=8.2368
[2026-09-29 22:24:06] epoch 35 iter 1000/3019 G_total=3.4180 G_adv_A2B=0.7545 G_adv_B2A=0.8062 cycle_A=0.0613 cycle_B=0.0767 identity_A=0.0448 identity_B=0.0507 D_A=0.0314 D_B=0.2760 grad_norm_G=16.9093 grad_norm_D=13.0246
[2026-09-29 22:24:36] epoch 35 iter 1500/3019 G_total=4.4278 G_adv_A2B=0.4200 G_adv_B2A=1.4468 cycle_A=0.0784 cycle_B=0.1043 identity_A=0.0573 identity_B=0.0894 D_A=0.0309 D_B=0.1661 grad_norm_G=21.8199 grad_norm_D=5.1491
[2026-09-29 22:25:07] epoch 35 iter 2000/3019 G_total=3.5742 G_adv_A2B=0.6217 G_adv_B2A=0.8225 cycle_A=0.0742 cycle_B=0.0842 identity_A=0.0563 identity_B=0.0530 D_A=0.0673 D_B=0.0925 grad_norm_G=18.7587 grad_norm_D=4.7160
[2026-09-29 22:25:36] epoch 35 iter 2500/3019 G_total=4.1118 G_adv_A2B=0.3601 G_adv_B2A=0.9599 cycle_A=0.0819 cycle_B=0.1141 identity_A=0.0522 identity_B=0.1141 D_A=0.0412 D_B=0.2343 grad_norm_G=30.8597 grad_norm_D=5.7626
[2026-09-29 22:26:07] epoch 35 iter 3000/3019 G_total=3.6621 G_adv_A2B=0.3619 G_adv_B2A=1.0812 cycle_A=0.0825 cycle_B=0.0759 identity_A=0.0579 identity_B=0.0692 D_A=0.0424 D_B=0.1653 grad_norm_G=23.8346 grad_norm_D=6.8161
[2026-09-29 22:26:08] epoch_summary epoch=35 G_total=3.8103 G_adv_A2B=0.4592 G_adv_B2A=0.8541 cycle_A=0.0821 cycle_B=0.0962 identity_A=0.0625 identity_B=0.0801 D_A=0.0459 D_B=0.1670 grad_norm_G=22.3154 grad_norm_D=6.5593 lr=0.0001 epoch_time_sec=182.6748 train_images_per_sec=66.1066
[2026-09-29 22:26:08] checkpoint -> task3_gan\member_nikhil\checkpoints\cyclegan_nikhil_r6c64_20260929-2039_epoch035.pt
[2026-09-29 22:26:41] epoch 36 iter 500/3019 G_total=3.5350 G_adv_A2B=0.3450 G_adv_B2A=0.6193 cycle_A=0.0967 cycle_B=0.0941 identity_A=0.0692 identity_B=0.0632 D_A=0.0599 D_B=0.0741 grad_norm_G=17.5785 grad_norm_D=6.8917
[2026-09-29 22:27:13] epoch 36 iter 1000/3019 G_total=3.7569 G_adv_A2B=0.4639 G_adv_B2A=0.6551 cycle_A=0.0962 cycle_B=0.0994 identity_A=0.0678 identity_B=0.0686 D_A=0.0287 D_B=0.1295 grad_norm_G=24.9452 grad_norm_D=5.0681
[2026-09-29 22:27:43] epoch 36 iter 1500/3019 G_total=3.7959 G_adv_A2B=0.5721 G_adv_B2A=1.0172 cycle_A=0.0681 cycle_B=0.0967 identity_A=0.0502 identity_B=0.0614 D_A=0.0214 D_B=0.1353 grad_norm_G=23.3787 grad_norm_D=4.8956
[2026-09-29 22:28:12] epoch 36 iter 2000/3019 G_total=3.4637 G_adv_A2B=0.3145 G_adv_B2A=0.9935 cycle_A=0.1014 cycle_B=0.0584 identity_A=0.0637 identity_B=0.0478 D_A=0.0296 D_B=0.1589 grad_norm_G=25.2926 grad_norm_D=4.4217
[2026-09-29 22:28:44] epoch 36 iter 2500/3019 G_total=3.5835 G_adv_A2B=0.1931 G_adv_B2A=0.7584 cycle_A=0.0806 cycle_B=0.0899 identity_A=0.0622 identity_B=0.1231 D_A=0.0651 D_B=0.3103 grad_norm_G=22.1353 grad_norm_D=8.7206
[2026-09-29 22:29:15] epoch 36 iter 3000/3019 G_total=3.4705 G_adv_A2B=0.4980 G_adv_B2A=0.5929 cycle_A=0.0806 cycle_B=0.0898 identity_A=0.0580 identity_B=0.0772 D_A=0.0425 D_B=0.1989 grad_norm_G=14.2920 grad_norm_D=7.9389
[2026-09-29 22:29:16] epoch_summary epoch=36 G_total=3.7795 G_adv_A2B=0.4611 G_adv_B2A=0.8630 cycle_A=0.0809 cycle_B=0.0946 identity_A=0.0611 identity_B=0.0789 D_A=0.0433 D_B=0.1672 grad_norm_G=22.4331 grad_norm_D=6.5133 lr=0.0001 epoch_time_sec=187.5129 train_images_per_sec=64.4009
[2026-09-29 22:29:47] epoch 37 iter 500/3019 G_total=3.6877 G_adv_A2B=0.4196 G_adv_B2A=0.5491 cycle_A=0.0692 cycle_B=0.1271 identity_A=0.0625 identity_B=0.0885 D_A=0.0592 D_B=0.1671 grad_norm_G=21.0206 grad_norm_D=6.6380
[2026-09-29 22:30:17] epoch 37 iter 1000/3019 G_total=4.0569 G_adv_A2B=0.5770 G_adv_B2A=1.1650 cycle_A=0.0796 cycle_B=0.0841 identity_A=0.0520 identity_B=0.0835 D_A=0.0404 D_B=0.2932 grad_norm_G=33.7458 grad_norm_D=5.5514
[2026-09-29 22:30:46] epoch 37 iter 1500/3019 G_total=3.1456 G_adv_A2B=0.4024 G_adv_B2A=0.7396 cycle_A=0.0589 cycle_B=0.0912 identity_A=0.0400 identity_B=0.0605 D_A=0.0422 D_B=0.1282 grad_norm_G=26.9388 grad_norm_D=8.6703
[2026-09-29 22:31:17] epoch 37 iter 2000/3019 G_total=2.9907 G_adv_A2B=0.1922 G_adv_B2A=0.6427 cycle_A=0.0817 cycle_B=0.0797 identity_A=0.0457 identity_B=0.0627 D_A=0.0393 D_B=0.2749 grad_norm_G=23.0077 grad_norm_D=11.5065
[2026-09-29 22:31:47] epoch 37 iter 2500/3019 G_total=4.7709 G_adv_A2B=0.4045 G_adv_B2A=0.9741 cycle_A=0.0682 cycle_B=0.1546 identity_A=0.0467 identity_B=0.1862 D_A=0.0361 D_B=0.1455 grad_norm_G=21.4861 grad_norm_D=7.2892
[2026-09-29 22:32:17] epoch 37 iter 3000/3019 G_total=3.7652 G_adv_A2B=0.5602 G_adv_B2A=0.7876 cycle_A=0.0845 cycle_B=0.0957 identity_A=0.0628 identity_B=0.0603 D_A=0.0415 D_B=0.1788 grad_norm_G=23.2198 grad_norm_D=7.5694
[2026-09-29 22:32:18] epoch_summary epoch=37 G_total=3.7433 G_adv_A2B=0.4541 G_adv_B2A=0.8733 cycle_A=0.0798 cycle_B=0.0929 identity_A=0.0600 identity_B=0.0777 D_A=0.0410 D_B=0.1694 grad_norm_G=23.2127 grad_norm_D=6.4728 lr=0.0001 epoch_time_sec=182.4423 train_images_per_sec=66.1908
[2026-09-29 22:32:50] epoch 38 iter 500/3019 G_total=3.8651 G_adv_A2B=0.5157 G_adv_B2A=0.9790 cycle_A=0.0785 cycle_B=0.0853 identity_A=0.0541 identity_B=0.0923 D_A=0.0212 D_B=0.1206 grad_norm_G=26.5092 grad_norm_D=5.4558
[2026-09-29 22:33:19] epoch 38 iter 1000/3019 G_total=3.7137 G_adv_A2B=0.4786 G_adv_B2A=0.5103 cycle_A=0.0860 cycle_B=0.1141 identity_A=0.0611 identity_B=0.0836 D_A=0.0423 D_B=0.1441 grad_norm_G=22.9753 grad_norm_D=4.4383
[2026-09-29 22:33:49] epoch 38 iter 1500/3019 G_total=3.2059 G_adv_A2B=0.2948 G_adv_B2A=0.5802 cycle_A=0.0758 cycle_B=0.0947 identity_A=0.0524 identity_B=0.0726 D_A=0.0590 D_B=0.1723 grad_norm_G=25.9411 grad_norm_D=11.1241
[2026-09-29 22:34:21] epoch 38 iter 2000/3019 G_total=3.4204 G_adv_A2B=0.4645 G_adv_B2A=0.8602 cycle_A=0.0755 cycle_B=0.0728 identity_A=0.0539 identity_B=0.0687 D_A=0.0444 D_B=0.1653 grad_norm_G=24.1496 grad_norm_D=8.5125
[2026-09-29 22:34:51] epoch 38 iter 2500/3019 G_total=3.4252 G_adv_A2B=0.4204 G_adv_B2A=0.9804 cycle_A=0.0732 cycle_B=0.0665 identity_A=0.0503 identity_B=0.0753 D_A=0.0708 D_B=0.2023 grad_norm_G=35.0951 grad_norm_D=7.7415
[2026-09-29 22:35:21] epoch 38 iter 3000/3019 G_total=2.9428 G_adv_A2B=0.1620 G_adv_B2A=0.7969 cycle_A=0.0838 cycle_B=0.0609 identity_A=0.0542 identity_B=0.0531 D_A=0.0350 D_B=0.2598 grad_norm_G=18.5518 grad_norm_D=12.9627
[2026-09-29 22:35:22] epoch_summary epoch=38 G_total=3.7013 G_adv_A2B=0.4535 G_adv_B2A=0.8817 cycle_A=0.0788 cycle_B=0.0906 identity_A=0.0589 identity_B=0.0755 D_A=0.0389 D_B=0.1696 grad_norm_G=23.4440 grad_norm_D=6.3803 lr=0.0001 epoch_time_sec=183.5031 train_images_per_sec=65.8082
[2026-09-29 22:35:51] epoch 39 iter 500/3019 G_total=3.1192 G_adv_A2B=0.3360 G_adv_B2A=0.5163 cycle_A=0.0608 cycle_B=0.1117 identity_A=0.0362 identity_B=0.0721 D_A=0.0471 D_B=0.1863 grad_norm_G=29.0596 grad_norm_D=7.4494
[2026-09-29 22:36:21] epoch 39 iter 1000/3019 G_total=3.3990 G_adv_A2B=0.6222 G_adv_B2A=0.5797 cycle_A=0.0843 cycle_B=0.0786 identity_A=0.0654 identity_B=0.0484 D_A=0.0372 D_B=0.0811 grad_norm_G=18.5874 grad_norm_D=4.0594
[2026-09-29 22:36:52] epoch 39 iter 1500/3019 G_total=3.6358 G_adv_A2B=0.8030 G_adv_B2A=0.7909 cycle_A=0.0688 cycle_B=0.0826 identity_A=0.0439 identity_B=0.0617 D_A=0.0373 D_B=0.0957 grad_norm_G=26.6418 grad_norm_D=7.2508
[2026-09-29 22:37:22] epoch 39 iter 2000/3019 G_total=3.6702 G_adv_A2B=0.4517 G_adv_B2A=0.9681 cycle_A=0.0951 cycle_B=0.0715 identity_A=0.0656 identity_B=0.0512 D_A=0.0530 D_B=0.2280 grad_norm_G=27.2591 grad_norm_D=6.1959
[2026-09-29 22:37:52] epoch 39 iter 2500/3019 G_total=3.5226 G_adv_A2B=0.3940 G_adv_B2A=0.8346 cycle_A=0.0802 cycle_B=0.0800 identity_A=0.0562 identity_B=0.0824 D_A=0.0397 D_B=0.1036 grad_norm_G=25.6411 grad_norm_D=4.2721
[2026-09-29 22:38:22] epoch 39 iter 3000/3019 G_total=3.5620 G_adv_A2B=0.5102 G_adv_B2A=0.8826 cycle_A=0.0585 cycle_B=0.0904 identity_A=0.0482 identity_B=0.0880 D_A=0.0163 D_B=0.1055 grad_norm_G=30.4659 grad_norm_D=3.6474
[2026-09-29 22:38:23] epoch_summary epoch=39 G_total=3.6769 G_adv_A2B=0.4520 G_adv_B2A=0.8878 cycle_A=0.0784 cycle_B=0.0890 identity_A=0.0579 identity_B=0.0747 D_A=0.0370 D_B=0.1684 grad_norm_G=24.2136 grad_norm_D=6.3148 lr=0.0001 epoch_time_sec=181.3165 train_images_per_sec=66.6018
[2026-09-29 22:38:53] epoch 40 iter 500/3019 G_total=3.3771 G_adv_A2B=0.4162 G_adv_B2A=0.7955 cycle_A=0.0905 cycle_B=0.0727 identity_A=0.0615 identity_B=0.0452 D_A=0.0417 D_B=0.1208 grad_norm_G=20.9408 grad_norm_D=3.7980
[2026-09-29 22:39:24] epoch 40 iter 1000/3019 G_total=4.1495 G_adv_A2B=0.6043 G_adv_B2A=1.0718 cycle_A=0.0823 cycle_B=0.1014 identity_A=0.0559 identity_B=0.0714 D_A=0.0343 D_B=0.0669 grad_norm_G=26.9091 grad_norm_D=4.4094
[2026-09-29 22:39:54] epoch 40 iter 1500/3019 G_total=4.1510 G_adv_A2B=0.7004 G_adv_B2A=0.9275 cycle_A=0.0641 cycle_B=0.1177 identity_A=0.0476 identity_B=0.0934 D_A=0.0161 D_B=0.1743 grad_norm_G=26.1405 grad_norm_D=7.2691
[2026-09-29 22:40:24] epoch 40 iter 2000/3019 G_total=3.6211 G_adv_A2B=0.3372 G_adv_B2A=0.8965 cycle_A=0.0717 cycle_B=0.1011 identity_A=0.0508 identity_B=0.0810 D_A=0.0655 D_B=0.2139 grad_norm_G=25.7427 grad_norm_D=6.8668
[2026-09-29 22:40:54] epoch 40 iter 2500/3019 G_total=3.3630 G_adv_A2B=0.4340 G_adv_B2A=0.8752 cycle_A=0.0875 cycle_B=0.0666 identity_A=0.0633 identity_B=0.0391 D_A=0.0174 D_B=0.1349 grad_norm_G=18.4658 grad_norm_D=4.2686
[2026-09-29 22:41:24] epoch 40 iter 3000/3019 G_total=3.1788 G_adv_A2B=0.3875 G_adv_B2A=1.0219 cycle_A=0.0650 cycle_B=0.0635 identity_A=0.0465 identity_B=0.0503 D_A=0.0387 D_B=0.1520 grad_norm_G=23.9953 grad_norm_D=4.7690
[2026-09-29 22:41:26] epoch_summary epoch=40 G_total=3.6701 G_adv_A2B=0.4590 G_adv_B2A=0.8928 cycle_A=0.0784 cycle_B=0.0881 identity_A=0.0571 identity_B=0.0735 D_A=0.0355 D_B=0.1665 grad_norm_G=25.2172 grad_norm_D=6.4014 lr=0.0001 epoch_time_sec=182.2377 train_images_per_sec=66.2651
[2026-09-29 22:41:26] checkpoint -> task3_gan\member_nikhil\checkpoints\cyclegan_nikhil_r6c64_20260929-2039_epoch040.pt
[2026-09-29 22:41:57] epoch 41 iter 500/3019 G_total=3.0762 G_adv_A2B=0.2484 G_adv_B2A=0.8008 cycle_A=0.0728 cycle_B=0.0778 identity_A=0.0516 identity_B=0.0526 D_A=0.0229 D_B=0.1790 grad_norm_G=24.1611 grad_norm_D=8.5377
[2026-09-29 22:42:28] epoch 41 iter 1000/3019 G_total=3.7860 G_adv_A2B=0.4691 G_adv_B2A=0.9613 cycle_A=0.0744 cycle_B=0.0945 identity_A=0.0634 identity_B=0.0700 D_A=0.0345 D_B=0.1798 grad_norm_G=27.3706 grad_norm_D=5.4242
[2026-09-29 22:42:57] epoch 41 iter 1500/3019 G_total=4.1355 G_adv_A2B=0.6594 G_adv_B2A=1.0408 cycle_A=0.0739 cycle_B=0.1015 identity_A=0.0528 identity_B=0.0835 D_A=0.0277 D_B=0.1254 grad_norm_G=33.0972 grad_norm_D=5.9834
[2026-09-29 22:43:29] epoch 41 iter 2000/3019 G_total=3.6919 G_adv_A2B=0.6081 G_adv_B2A=0.9726 cycle_A=0.0715 cycle_B=0.0773 identity_A=0.0553 identity_B=0.0693 D_A=0.0327 D_B=0.1582 grad_norm_G=26.1267 grad_norm_D=7.5968
[2026-09-29 22:44:00] epoch 41 iter 2500/3019 G_total=3.9983 G_adv_A2B=0.3082 G_adv_B2A=1.2395 cycle_A=0.0754 cycle_B=0.0989 identity_A=0.0548 identity_B=0.0869 D_A=0.0348 D_B=0.2168 grad_norm_G=16.7548 grad_norm_D=5.6732
[2026-09-29 22:44:31] epoch 41 iter 3000/3019 G_total=3.3303 G_adv_A2B=0.3966 G_adv_B2A=1.1697 cycle_A=0.0693 cycle_B=0.0593 identity_A=0.0442 identity_B=0.0513 D_A=0.0239 D_B=0.1836 grad_norm_G=30.2840 grad_norm_D=5.4814
[2026-09-29 22:44:32] epoch_summary epoch=41 G_total=3.6379 G_adv_A2B=0.4506 G_adv_B2A=0.8993 cycle_A=0.0779 cycle_B=0.0868 identity_A=0.0562 identity_B=0.0720 D_A=0.0333 D_B=0.1690 grad_norm_G=26.0183 grad_norm_D=6.3669 lr=0.0001 epoch_time_sec=186.3785 train_images_per_sec=64.7929
[2026-09-29 22:45:02] epoch 42 iter 500/3019 G_total=4.0570 G_adv_A2B=0.3172 G_adv_B2A=1.0366 cycle_A=0.0785 cycle_B=0.1170 identity_A=0.0599 identity_B=0.0896 D_A=0.0316 D_B=0.1129 grad_norm_G=35.5663 grad_norm_D=7.7039
[2026-09-29 22:45:33] epoch 42 iter 1000/3019 G_total=3.4654 G_adv_A2B=0.6470 G_adv_B2A=0.7118 cycle_A=0.0853 cycle_B=0.0680 identity_A=0.0697 identity_B=0.0451 D_A=0.0329 D_B=0.1876 grad_norm_G=26.4839 grad_norm_D=7.5244
[2026-09-29 22:46:03] epoch 42 iter 1500/3019 G_total=3.6812 G_adv_A2B=0.5581 G_adv_B2A=0.9287 cycle_A=0.0754 cycle_B=0.0790 identity_A=0.0639 identity_B=0.0662 D_A=0.0256 D_B=0.1643 grad_norm_G=24.4179 grad_norm_D=6.4156
[2026-09-29 22:46:33] epoch 42 iter 2000/3019 G_total=3.6603 G_adv_A2B=0.3902 G_adv_B2A=0.6249 cycle_A=0.0928 cycle_B=0.1009 identity_A=0.0589 identity_B=0.0828 D_A=0.0719 D_B=0.1950 grad_norm_G=32.1442 grad_norm_D=8.9820
[2026-09-29 22:47:03] epoch 42 iter 2500/3019 G_total=3.7752 G_adv_A2B=0.4800 G_adv_B2A=0.7692 cycle_A=0.0828 cycle_B=0.0934 identity_A=0.0544 identity_B=0.0984 D_A=0.0346 D_B=0.1577 grad_norm_G=25.4297 grad_norm_D=6.9011
[2026-09-29 22:47:33] epoch 42 iter 3000/3019 G_total=3.5549 G_adv_A2B=0.6294 G_adv_B2A=0.8115 cycle_A=0.0857 cycle_B=0.0654 identity_A=0.0529 identity_B=0.0676 D_A=0.0272 D_B=0.1484 grad_norm_G=23.4798 grad_norm_D=7.1775
[2026-09-29 22:47:34] epoch_summary epoch=42 G_total=3.5967 G_adv_A2B=0.4495 G_adv_B2A=0.9024 cycle_A=0.0771 cycle_B=0.0845 identity_A=0.0553 identity_B=0.0705 D_A=0.0321 D_B=0.1708 grad_norm_G=26.3351 grad_norm_D=6.4416 lr=0.0001 epoch_time_sec=181.6266 train_images_per_sec=66.4881
[2026-09-29 22:48:04] epoch 43 iter 500/3019 G_total=3.3689 G_adv_A2B=0.1664 G_adv_B2A=0.7495 cycle_A=0.0600 cycle_B=0.1094 identity_A=0.0436 identity_B=0.1082 D_A=0.0146 D_B=0.1289 grad_norm_G=37.2701 grad_norm_D=7.3824
[2026-09-29 22:48:34] epoch 43 iter 1000/3019 G_total=3.6370 G_adv_A2B=0.5595 G_adv_B2A=0.9475 cycle_A=0.0764 cycle_B=0.0825 identity_A=0.0506 identity_B=0.0575 D_A=0.0217 D_B=0.1225 grad_norm_G=28.2375 grad_norm_D=5.2713
[2026-09-29 22:49:04] epoch 43 iter 1500/3019 G_total=3.2231 G_adv_A2B=0.2975 G_adv_B2A=0.8931 cycle_A=0.0810 cycle_B=0.0698 identity_A=0.0519 identity_B=0.0530 D_A=0.0225 D_B=0.1994 grad_norm_G=25.0249 grad_norm_D=7.4936
[2026-09-29 22:49:35] epoch 43 iter 2000/3019 G_total=3.2720 G_adv_A2B=0.4273 G_adv_B2A=0.6665 cycle_A=0.0958 cycle_B=0.0666 identity_A=0.0634 identity_B=0.0473 D_A=0.0361 D_B=0.1523 grad_norm_G=20.6000 grad_norm_D=6.0825
[2026-09-29 22:50:05] epoch 43 iter 2500/3019 G_total=3.2524 G_adv_A2B=0.3045 G_adv_B2A=1.0248 cycle_A=0.0760 cycle_B=0.0656 identity_A=0.0529 identity_B=0.0485 D_A=0.0201 D_B=0.1228 grad_norm_G=24.3592 grad_norm_D=5.6295
[2026-09-29 22:50:34] epoch 43 iter 3000/3019 G_total=3.7658 G_adv_A2B=0.4325 G_adv_B2A=0.8998 cycle_A=0.0839 cycle_B=0.0917 identity_A=0.0740 identity_B=0.0615 D_A=0.0566 D_B=0.2994 grad_norm_G=28.7283 grad_norm_D=7.4506
[2026-09-29 22:50:35] epoch_summary epoch=43 G_total=3.5731 G_adv_A2B=0.4406 G_adv_B2A=0.9127 cycle_A=0.0763 cycle_B=0.0835 identity_A=0.0544 identity_B=0.0699 D_A=0.0299 D_B=0.1738 grad_norm_G=26.7028 grad_norm_D=6.5354 lr=0.0001 epoch_time_sec=181.2462 train_images_per_sec=66.6276
[2026-09-29 22:51:07] epoch 44 iter 500/3019 G_total=3.7665 G_adv_A2B=0.5333 G_adv_B2A=0.8000 cycle_A=0.0777 cycle_B=0.0976 identity_A=0.0597 identity_B=0.0763 D_A=0.0163 D_B=0.2012 grad_norm_G=25.7969 grad_norm_D=6.6057
[2026-09-29 22:51:37] epoch 44 iter 1000/3019 G_total=3.7835 G_adv_A2B=0.6038 G_adv_B2A=0.7099 cycle_A=0.0558 cycle_B=0.1102 identity_A=0.0511 identity_B=0.1109 D_A=0.0161 D_B=0.1891 grad_norm_G=32.7813 grad_norm_D=9.5325
[2026-09-29 22:52:08] epoch 44 iter 1500/3019 G_total=3.8843 G_adv_A2B=0.6324 G_adv_B2A=1.1284 cycle_A=0.0701 cycle_B=0.0840 identity_A=0.0452 identity_B=0.0714 D_A=0.0142 D_B=0.2860 grad_norm_G=31.6898 grad_norm_D=8.7162
[2026-09-29 22:52:39] epoch 44 iter 2000/3019 G_total=3.1390 G_adv_A2B=0.6230 G_adv_B2A=0.4934 cycle_A=0.0635 cycle_B=0.0773 identity_A=0.0450 identity_B=0.0780 D_A=0.0867 D_B=0.2175 grad_norm_G=27.4742 grad_norm_D=10.8517
[2026-09-29 22:53:07] epoch 44 iter 2500/3019 G_total=3.3203 G_adv_A2B=0.5819 G_adv_B2A=0.9872 cycle_A=0.0650 cycle_B=0.0594 identity_A=0.0515 identity_B=0.0501 D_A=0.0194 D_B=0.1061 grad_norm_G=25.3548 grad_norm_D=4.4604
[2026-09-29 22:53:38] epoch 44 iter 3000/3019 G_total=3.6245 G_adv_A2B=0.4879 G_adv_B2A=0.6630 cycle_A=0.0918 cycle_B=0.0885 identity_A=0.0650 identity_B=0.0691 D_A=0.0304 D_B=0.2844 grad_norm_G=26.2711 grad_norm_D=9.2503
[2026-09-29 22:53:39] epoch_summary epoch=44 G_total=3.5445 G_adv_A2B=0.4361 G_adv_B2A=0.9149 cycle_A=0.0754 cycle_B=0.0824 identity_A=0.0537 identity_B=0.0693 D_A=0.0289 D_B=0.1757 grad_norm_G=27.2269 grad_norm_D=6.6392 lr=0.0001 epoch_time_sec=183.7993 train_images_per_sec=65.7021
[2026-09-29 22:54:10] epoch 45 iter 500/3019 G_total=2.9098 G_adv_A2B=0.4005 G_adv_B2A=0.7141 cycle_A=0.0730 cycle_B=0.0576 identity_A=0.0549 identity_B=0.0430 D_A=0.0280 D_B=0.2201 grad_norm_G=20.5218 grad_norm_D=5.5894
[2026-09-29 22:54:40] epoch 45 iter 1000/3019 G_total=3.4001 G_adv_A2B=0.3708 G_adv_B2A=0.8443 cycle_A=0.0887 cycle_B=0.0728 identity_A=0.0614 identity_B=0.0528 D_A=0.0254 D_B=0.1472 grad_norm_G=25.6823 grad_norm_D=6.3276
[2026-09-29 22:55:12] epoch 45 iter 1500/3019 G_total=3.5060 G_adv_A2B=0.4126 G_adv_B2A=1.0610 cycle_A=0.0715 cycle_B=0.0774 identity_A=0.0558 identity_B=0.0529 D_A=0.0214 D_B=0.1869 grad_norm_G=26.2237 grad_norm_D=5.9216
[2026-09-29 22:55:41] epoch 45 iter 2000/3019 G_total=3.2676 G_adv_A2B=0.4074 G_adv_B2A=0.9557 cycle_A=0.0668 cycle_B=0.0806 identity_A=0.0427 identity_B=0.0433 D_A=0.0259 D_B=0.1716 grad_norm_G=27.4744 grad_norm_D=7.0698
[2026-09-29 22:56:12] epoch 45 iter 2500/3019 G_total=4.0334 G_adv_A2B=0.6613 G_adv_B2A=0.9282 cycle_A=0.0835 cycle_B=0.0924 identity_A=0.0605 identity_B=0.0766 D_A=0.0251 D_B=0.2054 grad_norm_G=30.4053 grad_norm_D=7.4144
[2026-09-29 22:56:43] epoch 45 iter 3000/3019 G_total=3.5632 G_adv_A2B=0.5537 G_adv_B2A=0.8756 cycle_A=0.0717 cycle_B=0.0726 identity_A=0.0466 identity_B=0.0917 D_A=0.0244 D_B=0.2151 grad_norm_G=30.4100 grad_norm_D=5.3308
[2026-09-29 22:56:44] epoch_summary epoch=45 G_total=3.5222 G_adv_A2B=0.4373 G_adv_B2A=0.9202 cycle_A=0.0746 cycle_B=0.0812 identity_A=0.0530 identity_B=0.0683 D_A=0.0274 D_B=0.1750 grad_norm_G=27.6921 grad_norm_D=6.6950 lr=0.0000 epoch_time_sec=184.7260 train_images_per_sec=65.3725
[2026-09-29 22:56:44] checkpoint -> task3_gan\member_nikhil\checkpoints\cyclegan_nikhil_r6c64_20260929-2039_epoch045.pt
[2026-09-29 22:57:14] epoch 46 iter 500/3019 G_total=3.6667 G_adv_A2B=0.5301 G_adv_B2A=0.9090 cycle_A=0.0789 cycle_B=0.0880 identity_A=0.0531 identity_B=0.0586 D_A=0.0142 D_B=0.1372 grad_norm_G=24.5549 grad_norm_D=4.8124
[2026-09-29 22:57:43] epoch 46 iter 1000/3019 G_total=3.1379 G_adv_A2B=0.2060 G_adv_B2A=0.9188 cycle_A=0.0680 cycle_B=0.0814 identity_A=0.0423 identity_B=0.0617 D_A=0.0276 D_B=0.1260 grad_norm_G=27.9506 grad_norm_D=6.9985
[2026-09-29 22:58:14] epoch 46 iter 1500/3019 G_total=3.6992 G_adv_A2B=0.5186 G_adv_B2A=0.9448 cycle_A=0.0795 cycle_B=0.0928 identity_A=0.0533 identity_B=0.0492 D_A=0.0176 D_B=0.1000 grad_norm_G=40.8035 grad_norm_D=4.2207
[2026-09-29 22:58:44] epoch 46 iter 2000/3019 G_total=3.7645 G_adv_A2B=0.5748 G_adv_B2A=1.0283 cycle_A=0.0838 cycle_B=0.0700 identity_A=0.0640 identity_B=0.0607 D_A=0.0270 D_B=0.1417 grad_norm_G=35.6503 grad_norm_D=5.7894
[2026-09-29 22:59:15] epoch 46 iter 2500/3019 G_total=3.8508 G_adv_A2B=0.6133 G_adv_B2A=0.7866 cycle_A=0.0606 cycle_B=0.1144 identity_A=0.0409 identity_B=0.0992 D_A=0.0161 D_B=0.1983 grad_norm_G=34.1630 grad_norm_D=6.6724
[2026-09-29 22:59:45] epoch 46 iter 3000/3019 G_total=3.3703 G_adv_A2B=0.4665 G_adv_B2A=0.7865 cycle_A=0.0705 cycle_B=0.0846 identity_A=0.0482 identity_B=0.0650 D_A=0.0190 D_B=0.2181 grad_norm_G=26.6252 grad_norm_D=6.3025
[2026-09-29 22:59:46] epoch_summary epoch=46 G_total=3.4901 G_adv_A2B=0.4346 G_adv_B2A=0.9249 cycle_A=0.0740 cycle_B=0.0795 identity_A=0.0522 identity_B=0.0669 D_A=0.0257 D_B=0.1763 grad_norm_G=28.0738 grad_norm_D=6.6778 lr=0.0000 epoch_time_sec=181.6875 train_images_per_sec=66.4658
[2026-09-29 23:00:16] epoch 47 iter 500/3019 G_total=3.3102 G_adv_A2B=0.4439 G_adv_B2A=0.7993 cycle_A=0.0810 cycle_B=0.0661 identity_A=0.0631 identity_B=0.0562 D_A=0.0256 D_B=0.1563 grad_norm_G=25.2115 grad_norm_D=7.7200
[2026-09-29 23:00:47] epoch 47 iter 1000/3019 G_total=3.2435 G_adv_A2B=0.4140 G_adv_B2A=0.7564 cycle_A=0.0699 cycle_B=0.0836 identity_A=0.0451 identity_B=0.0625 D_A=0.0315 D_B=0.1586 grad_norm_G=38.6317 grad_norm_D=8.6451
[2026-09-29 23:01:18] epoch 47 iter 1500/3019 G_total=3.2005 G_adv_A2B=0.4355 G_adv_B2A=0.7869 cycle_A=0.0650 cycle_B=0.0789 identity_A=0.0487 identity_B=0.0591 D_A=0.0256 D_B=0.2431 grad_norm_G=20.1747 grad_norm_D=6.4183
[2026-09-29 23:01:48] epoch 47 iter 2000/3019 G_total=3.5687 G_adv_A2B=0.3981 G_adv_B2A=1.2709 cycle_A=0.0645 cycle_B=0.0698 identity_A=0.0456 identity_B=0.0659 D_A=0.0221 D_B=0.1586 grad_norm_G=27.9981 grad_norm_D=5.6825
[2026-09-29 23:02:19] epoch 47 iter 2500/3019 G_total=3.0453 G_adv_A2B=0.3843 G_adv_B2A=0.7773 cycle_A=0.0753 cycle_B=0.0631 identity_A=0.0517 identity_B=0.0482 D_A=0.0190 D_B=0.1942 grad_norm_G=30.4074 grad_norm_D=7.4119
[2026-09-29 23:02:48] epoch 47 iter 3000/3019 G_total=3.1596 G_adv_A2B=0.4466 G_adv_B2A=0.7638 cycle_A=0.0723 cycle_B=0.0688 identity_A=0.0496 identity_B=0.0580 D_A=0.0187 D_B=0.1641 grad_norm_G=27.6742 grad_norm_D=5.9446
[2026-09-29 23:02:49] epoch_summary epoch=47 G_total=3.4651 G_adv_A2B=0.4334 G_adv_B2A=0.9286 cycle_A=0.0734 cycle_B=0.0783 identity_A=0.0515 identity_B=0.0658 D_A=0.0244 D_B=0.1764 grad_norm_G=28.5692 grad_norm_D=6.7643 lr=0.0000 epoch_time_sec=183.4647 train_images_per_sec=65.8219
[2026-09-29 23:03:20] epoch 48 iter 500/3019 G_total=3.4105 G_adv_A2B=0.3631 G_adv_B2A=0.7855 cycle_A=0.0892 cycle_B=0.0787 identity_A=0.0642 identity_B=0.0525 D_A=0.0195 D_B=0.1591 grad_norm_G=31.3166 grad_norm_D=6.1967
[2026-09-29 23:03:50] epoch 48 iter 1000/3019 G_total=3.2593 G_adv_A2B=0.3683 G_adv_B2A=0.8718 cycle_A=0.0850 cycle_B=0.0639 identity_A=0.0602 identity_B=0.0458 D_A=0.0194 D_B=0.1317 grad_norm_G=25.3797 grad_norm_D=5.6396
[2026-09-29 23:04:21] epoch 48 iter 1500/3019 G_total=3.2760 G_adv_A2B=0.3899 G_adv_B2A=0.9017 cycle_A=0.0761 cycle_B=0.0696 identity_A=0.0475 identity_B=0.0581 D_A=0.0246 D_B=0.2254 grad_norm_G=30.3745 grad_norm_D=5.3054
[2026-09-29 23:04:51] epoch 48 iter 2000/3019 G_total=3.6165 G_adv_A2B=0.4774 G_adv_B2A=1.0286 cycle_A=0.0818 cycle_B=0.0706 identity_A=0.0551 identity_B=0.0622 D_A=0.0099 D_B=0.1076 grad_norm_G=29.5390 grad_norm_D=4.2147
[2026-09-29 23:05:20] epoch 48 iter 2500/3019 G_total=3.6749 G_adv_A2B=0.4726 G_adv_B2A=1.1088 cycle_A=0.0858 cycle_B=0.0686 identity_A=0.0614 identity_B=0.0486 D_A=0.0258 D_B=0.1284 grad_norm_G=20.8530 grad_norm_D=4.4867
[2026-09-29 23:05:49] epoch 48 iter 3000/3019 G_total=3.1551 G_adv_A2B=0.3632 G_adv_B2A=1.1000 cycle_A=0.0529 cycle_B=0.0667 identity_A=0.0344 identity_B=0.0647 D_A=0.0221 D_B=0.2671 grad_norm_G=27.6482 grad_norm_D=8.6781
[2026-09-29 23:05:51] epoch_summary epoch=48 G_total=3.4449 G_adv_A2B=0.4316 G_adv_B2A=0.9344 cycle_A=0.0729 cycle_B=0.0767 identity_A=0.0511 identity_B=0.0656 D_A=0.0233 D_B=0.1763 grad_norm_G=28.9356 grad_norm_D=6.9016 lr=0.0000 epoch_time_sec=181.2236 train_images_per_sec=66.6359
[2026-09-29 23:06:22] epoch 49 iter 500/3019 G_total=3.9582 G_adv_A2B=0.5647 G_adv_B2A=1.3388 cycle_A=0.0671 cycle_B=0.0845 identity_A=0.0415 identity_B=0.0662 D_A=0.0324 D_B=0.2025 grad_norm_G=25.2540 grad_norm_D=5.1208
[2026-09-29 23:06:52] epoch 49 iter 1000/3019 G_total=4.0107 G_adv_A2B=0.3836 G_adv_B2A=1.1154 cycle_A=0.0717 cycle_B=0.1000 identity_A=0.0494 identity_B=0.1097 D_A=0.0252 D_B=0.2102 grad_norm_G=28.9208 grad_norm_D=7.3798
[2026-09-29 23:07:23] epoch 49 iter 1500/3019 G_total=3.7486 G_adv_A2B=0.6018 G_adv_B2A=0.7835 cycle_A=0.0626 cycle_B=0.0986 identity_A=0.0480 identity_B=0.1023 D_A=0.0200 D_B=0.1965 grad_norm_G=22.7138 grad_norm_D=6.9357
[2026-09-29 23:07:53] epoch 49 iter 2000/3019 G_total=3.5428 G_adv_A2B=0.3266 G_adv_B2A=1.0419 cycle_A=0.0719 cycle_B=0.0809 identity_A=0.0494 identity_B=0.0797 D_A=0.0215 D_B=0.1359 grad_norm_G=33.2439 grad_norm_D=5.9619
[2026-09-29 23:08:23] epoch 49 iter 2500/3019 G_total=3.2893 G_adv_A2B=0.4499 G_adv_B2A=0.8543 cycle_A=0.0776 cycle_B=0.0681 identity_A=0.0499 identity_B=0.0557 D_A=0.0155 D_B=0.2180 grad_norm_G=19.0187 grad_norm_D=11.1619
[2026-09-29 23:08:54] epoch 49 iter 3000/3019 G_total=3.4955 G_adv_A2B=0.5526 G_adv_B2A=0.9078 cycle_A=0.0815 cycle_B=0.0653 identity_A=0.0557 identity_B=0.0578 D_A=0.0315 D_B=0.2192 grad_norm_G=27.8417 grad_norm_D=9.2918
[2026-09-29 23:08:55] epoch_summary epoch=49 G_total=3.4215 G_adv_A2B=0.4328 G_adv_B2A=0.9339 cycle_A=0.0723 cycle_B=0.0755 identity_A=0.0507 identity_B=0.0645 D_A=0.0226 D_B=0.1758 grad_norm_G=28.6445 grad_norm_D=6.7435 lr=0.0000 epoch_time_sec=184.2246 train_images_per_sec=65.5504
[2026-09-29 23:09:25] epoch 50 iter 500/3019 G_total=3.5352 G_adv_A2B=0.4551 G_adv_B2A=0.8765 cycle_A=0.0728 cycle_B=0.0861 identity_A=0.0553 identity_B=0.0676 D_A=0.0186 D_B=0.1942 grad_norm_G=33.5817 grad_norm_D=4.6779
[2026-09-29 23:09:55] epoch 50 iter 1000/3019 G_total=3.7937 G_adv_A2B=0.4771 G_adv_B2A=0.9485 cycle_A=0.0829 cycle_B=0.0943 identity_A=0.0465 identity_B=0.0726 D_A=0.0173 D_B=0.1943 grad_norm_G=50.3678 grad_norm_D=8.2826
[2026-09-29 23:10:25] epoch 50 iter 1500/3019 G_total=3.7510 G_adv_A2B=0.3993 G_adv_B2A=1.0264 cycle_A=0.0650 cycle_B=0.0993 identity_A=0.0477 identity_B=0.0887 D_A=0.0251 D_B=0.1487 grad_norm_G=20.3829 grad_norm_D=7.3825
[2026-09-29 23:10:54] epoch 50 iter 2000/3019 G_total=3.9918 G_adv_A2B=0.3331 G_adv_B2A=1.0005 cycle_A=0.0959 cycle_B=0.0905 identity_A=0.0652 identity_B=0.0936 D_A=0.0122 D_B=0.1604 grad_norm_G=23.5999 grad_norm_D=8.8025
[2026-09-29 23:11:25] epoch 50 iter 2500/3019 G_total=3.2300 G_adv_A2B=0.4151 G_adv_B2A=0.8025 cycle_A=0.0849 cycle_B=0.0623 identity_A=0.0585 identity_B=0.0496 D_A=0.0271 D_B=0.2095 grad_norm_G=20.5189 grad_norm_D=10.7372
[2026-09-29 23:11:55] epoch 50 iter 3000/3019 G_total=2.8485 G_adv_A2B=0.2899 G_adv_B2A=0.9529 cycle_A=0.0584 cycle_B=0.0590 identity_A=0.0422 identity_B=0.0442 D_A=0.0112 D_B=0.1297 grad_norm_G=19.8502 grad_norm_D=7.3291
[2026-09-29 23:11:56] epoch_summary epoch=50 G_total=3.4056 G_adv_A2B=0.4292 G_adv_B2A=0.9389 cycle_A=0.0718 cycle_B=0.0749 identity_A=0.0502 identity_B=0.0640 D_A=0.0212 D_B=0.1765 grad_norm_G=28.3110 grad_norm_D=6.7117 lr=0.0000 epoch_time_sec=181.0667 train_images_per_sec=66.6936
[2026-09-29 23:11:56] checkpoint -> task3_gan\member_nikhil\checkpoints\cyclegan_nikhil_r6c64_20260929-2039_epoch050.pt
[2026-09-29 23:11:57] training done: {"parameter_count": {"G_AB": 7837699, "G_BA": 7837699, "D_A": 2764737, "D_B": 2764737}, "train_time_sec": 9168.41093709999, "nan_inf_steps": 0, "train_images_per_sec": 65.86803353642831, "peak_accelerator_mem_mb": 1236.6, "peak_process_rss_mb": 1523.2, "hardware": "NVIDIA GeForce RTX 5090"}
[2026-09-29 23:11:59] eval: task3_gan\member_nikhil\checkpoints\cyclegan_nikhil_r6c64_20260929-2039_epoch050.pt on monet=300 photo=1000
[2026-09-29 23:12:16] eval A2B: FID=91.6433 KID_mean=0.0278 KID_std=0.0010 gen_precision=0.7267 gen_recall=0.3440 gen_density=0.7107 gen_coverage=0.4110 cycle_reconstruction_L1=0.0373 LPIPS_input_vs_translation=0.3767 LPIPS_input_vs_reconstruction=0.1696 content_cosine_input_vs_translation=0.7097 inference_images_per_sec=2673.0416 n_translated=300 n_reference=1000
[2026-09-29 23:12:19] eval B2A: FID=94.1135 KID_mean=0.0211 KID_std=0.0009 gen_precision=0.5660 gen_recall=0.5600 gen_density=0.6562 gen_coverage=0.9133 cycle_reconstruction_L1=0.0485 LPIPS_input_vs_translation=0.3495 LPIPS_input_vs_reconstruction=0.1133 content_cosine_input_vs_translation=0.6904 inference_images_per_sec=2826.7504 n_translated=1000 n_reference=300
[2026-09-29 23:12:25] eval done -> task3_gan\member_nikhil\outputs\cyclegan_nikhil_r6c64_20260929-2039\full_metrics_report.csv; human audit sheet -> task3_gan\member_nikhil\outputs\cyclegan_nikhil_r6c64_20260929-2039\human_audit
[2026-09-29 23:12:56] submission: 7038 images -> task3_gan\member_nikhil\images.zip
[2026-09-29 23:12:56] done: outputs -> task3_gan\member_nikhil\outputs\cyclegan_nikhil_r6c64_20260929-2039
